03:18:13 **** Clean-only build of configuration Debug for project mpuart ****
make clean 
rm -rf ./src/helloworld.o ./src/platform.o ./src/helloworld.d ./src/platform.d mpuart.elf.size  mpuart.elf
 
03:18:14 **** Clean-only build of project mpuart_bsp ****
make -k clean 
make -C microblaze_0/libsrc/bram_v4_3/src -s clean 
make -C microblaze_0/libsrc/cpu_v2_9/src -s clean 
make -C microblaze_0/libsrc/ecemptcamip_v1_0/src -s clean 
make -C microblaze_0/libsrc/emaclite_v4_4/src -s clean 
make -C microblaze_0/libsrc/intc_v3_9/src -s clean 
make -C microblaze_0/libsrc/standalone_v7_0/src -s clean 
make -C microblaze_0/libsrc/tmrctr_v4_5/src -s clean 
make -C microblaze_0/libsrc/uartlite_v3_2/src -s clean 
rm -f microblaze_0/lib/libxil.a
03:18:14 **** Build of project mpuart_bsp ****
make -k all 
Running Make include in microblaze_0/libsrc/bram_v4_3/src
make -C microblaze_0/libsrc/bram_v4_3/src -s include  "SHELL=/bin/sh" "COMPILER=mb-gcc" "ARCHIVER=mb-ar" "COMPILER_FLAGS=  -O2 -c -mcpu=v11.0 -mlittle-endian -mxl-soft-mul" "EXTRA_COMPILER_FLAGS=-ffunction-sections -fdata-sections -Wall -Wextra"
Running Make include in microblaze_0/libsrc/cpu_v2_9/src
make -C microblaze_0/libsrc/cpu_v2_9/src -s include  "SHELL=/bin/sh" "COMPILER=mb-gcc" "ARCHIVER=mb-ar" "COMPILER_FLAGS=  -O2 -c -mcpu=v11.0 -mlittle-endian -mxl-soft-mul" "EXTRA_COMPILER_FLAGS=-ffunction-sections -fdata-sections -Wall -Wextra"
Running Make include in microblaze_0/libsrc/ecemptcamip_v1_0/src
make -C microblaze_0/libsrc/ecemptcamip_v1_0/src -s include  "SHELL=/bin/sh" "COMPILER=mb-gcc" "ARCHIVER=mb-ar" "COMPILER_FLAGS=  -O2 -c -mcpu=v11.0 -mlittle-endian -mxl-soft-mul" "EXTRA_COMPILER_FLAGS=-ffunction-sections -fdata-sections -Wall -Wextra"
Running Make include in microblaze_0/libsrc/emaclite_v4_4/src
make -C microblaze_0/libsrc/emaclite_v4_4/src -s include  "SHELL=/bin/sh" "COMPILER=mb-gcc" "ARCHIVER=mb-ar" "COMPILER_FLAGS=  -O2 -c -mcpu=v11.0 -mlittle-endian -mxl-soft-mul" "EXTRA_COMPILER_FLAGS=-ffunction-sections -fdata-sections -Wall -Wextra"
Running Make include in microblaze_0/libsrc/intc_v3_9/src
make -C microblaze_0/libsrc/intc_v3_9/src -s include  "SHELL=/bin/sh" "COMPILER=mb-gcc" "ARCHIVER=mb-ar" "COMPILER_FLAGS=  -O2 -c -mcpu=v11.0 -mlittle-endian -mxl-soft-mul" "EXTRA_COMPILER_FLAGS=-ffunction-sections -fdata-sections -Wall -Wextra"
Running Make include in microblaze_0/libsrc/standalone_v7_0/src
make -C microblaze_0/libsrc/standalone_v7_0/src -s include  "SHELL=/bin/sh" "COMPILER=mb-gcc" "ARCHIVER=mb-ar" "COMPILER_FLAGS=  -O2 -c -mcpu=v11.0 -mlittle-endian -mxl-soft-mul" "EXTRA_COMPILER_FLAGS=-ffunction-sections -fdata-sections -Wall -Wextra"
Running Make include in microblaze_0/libsrc/tmrctr_v4_5/src
make -C microblaze_0/libsrc/tmrctr_v4_5/src -s include  "SHELL=/bin/sh" "COMPILER=mb-gcc" "ARCHIVER=mb-ar" "COMPILER_FLAGS=  -O2 -c -mcpu=v11.0 -mlittle-endian -mxl-soft-mul" "EXTRA_COMPILER_FLAGS=-ffunction-sections -fdata-sections -Wall -Wextra"
Running Make include in microblaze_0/libsrc/uartlite_v3_2/src
make -C microblaze_0/libsrc/uartlite_v3_2/src -s include  "SHELL=/bin/sh" "COMPILER=mb-gcc" "ARCHIVER=mb-ar" "COMPILER_FLAGS=  -O2 -c -mcpu=v11.0 -mlittle-endian -mxl-soft-mul" "EXTRA_COMPILER_FLAGS=-ffunction-sections -fdata-sections -Wall -Wextra"
Running Make libs in microblaze_0/libsrc/bram_v4_3/src
make -C microblaze_0/libsrc/bram_v4_3/src -s libs  "SHELL=/bin/sh" "COMPILER=mb-gcc" "ARCHIVER=mb-ar" "COMPILER_FLAGS=  -O2 -c -mcpu=v11.0 -mlittle-endian -mxl-soft-mul" "EXTRA_COMPILER_FLAGS=-ffunction-sections -fdata-sections -Wall -Wextra"
Compiling bram
mb-ar: creating ../../../lib/libxil.a
Running Make libs in microblaze_0/libsrc/cpu_v2_9/src
make -C microblaze_0/libsrc/cpu_v2_9/src -s libs  "SHELL=/bin/sh" "COMPILER=mb-gcc" "ARCHIVER=mb-ar" "COMPILER_FLAGS=  -O2 -c -mcpu=v11.0 -mlittle-endian -mxl-soft-mul" "EXTRA_COMPILER_FLAGS=-ffunction-sections -fdata-sections -Wall -Wextra"
Compiling cpu
Running Make libs in microblaze_0/libsrc/ecemptcamip_v1_0/src
make -C microblaze_0/libsrc/ecemptcamip_v1_0/src -s libs  "SHELL=/bin/sh" "COMPILER=mb-gcc" "ARCHIVER=mb-ar" "COMPILER_FLAGS=  -O2 -c -mcpu=v11.0 -mlittle-endian -mxl-soft-mul" "EXTRA_COMPILER_FLAGS=-ffunction-sections -fdata-sections -Wall -Wextra"
Compiling ecemptcamip...
ecemptcamip_selftest.c: In function 'ECEMPTCAMIP_Reg_SelfTest':
ecemptcamip_selftest.c:52:60: warning: comparison of integer expressions of different signedness: 'u32' {aka 'long unsigned int'} and 'int' [-Wsign-compare]
    if ( ECEMPTCAMIP_mReadReg (baseaddr, read_loop_index*4) != (read_loop_index+1)*READ_WRITE_MUL_FACTOR){
                                                            ^~
ecemptcamip_selftest.c:36:6: warning: unused variable 'Index' [-Wunused-variable]
  int Index;
      ^~~~~
Running Make libs in microblaze_0/libsrc/emaclite_v4_4/src
make -C microblaze_0/libsrc/emaclite_v4_4/src -s libs  "SHELL=/bin/sh" "COMPILER=mb-gcc" "ARCHIVER=mb-ar" "COMPILER_FLAGS=  -O2 -c -mcpu=v11.0 -mlittle-endian -mxl-soft-mul" "EXTRA_COMPILER_FLAGS=-ffunction-sections -fdata-sections -Wall -Wextra"
Compiling emaclite
Running Make libs in microblaze_0/libsrc/intc_v3_9/src
make -C microblaze_0/libsrc/intc_v3_9/src -s libs  "SHELL=/bin/sh" "COMPILER=mb-gcc" "ARCHIVER=mb-ar" "COMPILER_FLAGS=  -O2 -c -mcpu=v11.0 -mlittle-endian -mxl-soft-mul" "EXTRA_COMPILER_FLAGS=-ffunction-sections -fdata-sections -Wall -Wextra"
Compiling intc
Running Make libs in microblaze_0/libsrc/standalone_v7_0/src
make -C microblaze_0/libsrc/standalone_v7_0/src -s libs  "SHELL=/bin/sh" "COMPILER=mb-gcc" "ARCHIVER=mb-ar" "COMPILER_FLAGS=  -O2 -c -mcpu=v11.0 -mlittle-endian -mxl-soft-mul" "EXTRA_COMPILER_FLAGS=-ffunction-sections -fdata-sections -Wall -Wextra"
Compiling standalone
microblaze_sleep.c:77:9: note: #pragma message: For the sleep routines, assembly instructions are used
 #pragma message ("For the sleep routines, assembly instructions are used")
         ^~~~~~~
Running Make libs in microblaze_0/libsrc/tmrctr_v4_5/src
make -C microblaze_0/libsrc/tmrctr_v4_5/src -s libs  "SHELL=/bin/sh" "COMPILER=mb-gcc" "ARCHIVER=mb-ar" "COMPILER_FLAGS=  -O2 -c -mcpu=v11.0 -mlittle-endian -mxl-soft-mul" "EXTRA_COMPILER_FLAGS=-ffunction-sections -fdata-sections -Wall -Wextra"
Compiling tmrctr
Running Make libs in microblaze_0/libsrc/uartlite_v3_2/src
make -C microblaze_0/libsrc/uartlite_v3_2/src -s libs  "SHELL=/bin/sh" "COMPILER=mb-gcc" "ARCHIVER=mb-ar" "COMPILER_FLAGS=  -O2 -c -mcpu=v11.0 -mlittle-endian -mxl-soft-mul" "EXTRA_COMPILER_FLAGS=-ffunction-sections -fdata-sections -Wall -Wextra"
Compiling uartlite
Finished building libraries
03:18:16 **** Build of configuration Debug for project mpuart ****
make all 
Building file: ../src/helloworld.c
Invoking: MicroBlaze gcc compiler
mb-gcc -Wall -O0 -g3 -c -fmessage-length=0 -MT"src/helloworld.o" -I../../mpuart_bsp/microblaze_0/include -mlittle-endian -mcpu=v11.0 -mxl-soft-mul -Wl,--no-relax -ffunction-sections -fdata-sections -MMD -MP -MF"src/helloworld.d" -MT"src/helloworld.o" -o "src/helloworld.o" "../src/helloworld.c"
Finished building: ../src/helloworld.c
 
Building file: ../src/platform.c
Invoking: MicroBlaze gcc compiler
mb-gcc -Wall -O0 -g3 -c -fmessage-length=0 -MT"src/platform.o" -I../../mpuart_bsp/microblaze_0/include -mlittle-endian -mcpu=v11.0 -mxl-soft-mul -Wl,--no-relax -ffunction-sections -fdata-sections -MMD -MP -MF"src/platform.d" -MT"src/platform.o" -o "src/platform.o" "../src/platform.c"
Finished building: ../src/platform.c
 
Building target: mpuart.elf
Invoking: MicroBlaze gcc linker
mb-gcc -Wl,-T -Wl,../src/lscript.ld -L../../mpuart_bsp/microblaze_0/lib -mlittle-endian -mcpu=v11.0 -mxl-soft-mul -Wl,--no-relax -Wl,--gc-sections -o "mpuart.elf" ./src/helloworld.o ./src/platform.o   -Wl,--start-group,-lxil,-lgcc,-lc,--end-group
Finished building target: mpuart.elf
 
Invoking: MicroBlaze Print Size
mb-size mpuart.elf  |tee "mpuart.elf.size"
   text	   data	    bss	    dec	    hex	filename
  12712	    712	   4952	  18376	   47c8	mpuart.elf
Finished building: mpuart.elf.size
 
03:18:46 **** Auto Build of configuration Debug for project mpuart ****
make all 
Building file: ../src/helloworld.c
Invoking: MicroBlaze gcc compiler
mb-gcc -Wall -O0 -g3 -c -fmessage-length=0 -MT"src/helloworld.o" -I../../mpuart_bsp/microblaze_0/include -mlittle-endian -mcpu=v11.0 -mxl-soft-mul -Wl,--no-relax -ffunction-sections -fdata-sections -MMD -MP -MF"src/helloworld.d" -MT"src/helloworld.o" -o "src/helloworld.o" "../src/helloworld.c"
Finished building: ../src/helloworld.c
 
Building target: mpuart.elf
Invoking: MicroBlaze gcc linker
mb-gcc -Wl,-T -Wl,../src/lscript.ld -L../../mpuart_bsp/microblaze_0/lib -mlittle-endian -mcpu=v11.0 -mxl-soft-mul -Wl,--no-relax -Wl,--gc-sections -o "mpuart.elf" ./src/helloworld.o ./src/platform.o   -Wl,--start-group,-lxil,-lgcc,-lc,--end-group
Finished building target: mpuart.elf
 
Invoking: MicroBlaze Print Size
mb-size mpuart.elf  |tee "mpuart.elf.size"
   text	   data	    bss	    dec	    hex	filename
  12712	    712	   4952	  18376	   47c8	mpuart.elf
Finished building: mpuart.elf.size
 
03:18:57 **** Incremental Build of configuration Debug for project mpuart ****
make all 
make: Nothing to be done for 'all'.
03:19:36 **** Incremental Build of configuration Debug for project mpuart ****
make all 
Building file: ../src/helloworld.c
Invoking: MicroBlaze gcc compiler
mb-gcc -Wall -O0 -g3 -c -fmessage-length=0 -MT"src/helloworld.o" -I../../mpuart_bsp/microblaze_0/include -mlittle-endian -mcpu=v11.0 -mxl-soft-mul -Wl,--no-relax -ffunction-sections -fdata-sections -MMD -MP -MF"src/helloworld.d" -MT"src/helloworld.o" -o "src/helloworld.o" "../src/helloworld.c"
Finished building: ../src/helloworld.c
 
Building target: mpuart.elf
Invoking: MicroBlaze gcc linker
mb-gcc -Wl,-T -Wl,../src/lscript.ld -L../../mpuart_bsp/microblaze_0/lib -mlittle-endian -mcpu=v11.0 -mxl-soft-mul -Wl,--no-relax -Wl,--gc-sections -o "mpuart.elf" ./src/helloworld.o ./src/platform.o   -Wl,--start-group,-lxil,-lgcc,-lc,--end-group
Finished building target: mpuart.elf
 
Invoking: MicroBlaze Print Size
mb-size mpuart.elf  |tee "mpuart.elf.size"
   text	   data	    bss	    dec	    hex	filename
  12756	    712	   4956	  18424	   47f8	mpuart.elf
Finished building: mpuart.elf.size
 
03:20:04 **** Incremental Build of configuration Debug for project test ****
make all 
make: Nothing to be done for 'all'.
03:20:21 **** Incremental Build of configuration Debug for project test ****
make all 
make: Nothing to be done for 'all'.
03:20:35 **** Incremental Build of configuration Debug for project mpuart ****
make all 
make: Nothing to be done for 'all'.
03:22:18 **** Incremental Build of configuration Debug for project mpuart ****
make all 
Building file: ../src/helloworld.c
Invoking: MicroBlaze gcc compiler
mb-gcc -Wall -O0 -g3 -c -fmessage-length=0 -MT"src/helloworld.o" -I../../mpuart_bsp/microblaze_0/include -mlittle-endian -mcpu=v11.0 -mxl-soft-mul -Wl,--no-relax -ffunction-sections -fdata-sections -MMD -MP -MF"src/helloworld.d" -MT"src/helloworld.o" -o "src/helloworld.o" "../src/helloworld.c"
../src/helloworld.c: In function 'main':
../src/helloworld.c:200:6: warning: 'MB_Sleep' is deprecated [-Wdeprecated-declarations]
      MB_Sleep(100);
      ^~~~~~~~
In file included from ../src/helloworld.c:20:
../../mpuart_bsp/microblaze_0/include/microblaze_sleep.h:119:6: note: declared here
 void MB_Sleep(u32 MilliSeconds) __attribute__((__deprecated__));
      ^~~~~~~~
Finished building: ../src/helloworld.c
 
Building target: mpuart.elf
Invoking: MicroBlaze gcc linker
mb-gcc -Wl,-T -Wl,../src/lscript.ld -L../../mpuart_bsp/microblaze_0/lib -mlittle-endian -mcpu=v11.0 -mxl-soft-mul -Wl,--no-relax -Wl,--gc-sections -o "mpuart.elf" ./src/helloworld.o ./src/platform.o   -Wl,--start-group,-lxil,-lgcc,-lc,--end-group
Finished building target: mpuart.elf
 
Invoking: MicroBlaze Print Size
mb-size mpuart.elf  |tee "mpuart.elf.size"
   text	   data	    bss	    dec	    hex	filename
  12852	    712	   4956	  18520	   4858	mpuart.elf
Finished building: mpuart.elf.size
 
03:22:29 **** Incremental Build of configuration Debug for project mpuart ****
make all 
make: Nothing to be done for 'all'.
03:23:29 **** Auto Build of configuration Debug for project mpuart ****
make all 
Building file: ../src/helloworld.c
Invoking: MicroBlaze gcc compiler
mb-gcc -Wall -O0 -g3 -c -fmessage-length=0 -MT"src/helloworld.o" -I../../mpuart_bsp/microblaze_0/include -mlittle-endian -mcpu=v11.0 -mxl-soft-mul -Wl,--no-relax -ffunction-sections -fdata-sections -MMD -MP -MF"src/helloworld.d" -MT"src/helloworld.o" -o "src/helloworld.o" "../src/helloworld.c"
../src/helloworld.c: In function 'main':
../src/helloworld.c:201:6: warning: 'MB_Sleep' is deprecated [-Wdeprecated-declarations]
      MB_Sleep(100);
      ^~~~~~~~
In file included from ../src/helloworld.c:20:
../../mpuart_bsp/microblaze_0/include/microblaze_sleep.h:119:6: note: declared here
 void MB_Sleep(u32 MilliSeconds) __attribute__((__deprecated__));
      ^~~~~~~~
Finished building: ../src/helloworld.c
 
Building target: mpuart.elf
Invoking: MicroBlaze gcc linker
mb-gcc -Wl,-T -Wl,../src/lscript.ld -L../../mpuart_bsp/microblaze_0/lib -mlittle-endian -mcpu=v11.0 -mxl-soft-mul -Wl,--no-relax -Wl,--gc-sections -o "mpuart.elf" ./src/helloworld.o ./src/platform.o   -Wl,--start-group,-lxil,-lgcc,-lc,--end-group
Finished building target: mpuart.elf
 
Invoking: MicroBlaze Print Size
mb-size mpuart.elf  |tee "mpuart.elf.size"
   text	   data	    bss	    dec	    hex	filename
  12888	    712	   4952	  18552	   4878	mpuart.elf
Finished building: mpuart.elf.size
 
03:23:42 **** Incremental Build of configuration Debug for project mpuart ****
make all 
make: Nothing to be done for 'all'.
03:25:10 **** Auto Build of configuration Debug for project mpuart ****
make all 
Building file: ../src/helloworld.c
Invoking: MicroBlaze gcc compiler
mb-gcc -Wall -O0 -g3 -c -fmessage-length=0 -MT"src/helloworld.o" -I../../mpuart_bsp/microblaze_0/include -mlittle-endian -mcpu=v11.0 -mxl-soft-mul -Wl,--no-relax -ffunction-sections -fdata-sections -MMD -MP -MF"src/helloworld.d" -MT"src/helloworld.o" -o "src/helloworld.o" "../src/helloworld.c"
../src/helloworld.c: In function 'main':
../src/helloworld.c:199:6: warning: 'MB_Sleep' is deprecated [-Wdeprecated-declarations]
      MB_Sleep(100);
      ^~~~~~~~
In file included from ../src/helloworld.c:20:
../../mpuart_bsp/microblaze_0/include/microblaze_sleep.h:119:6: note: declared here
 void MB_Sleep(u32 MilliSeconds) __attribute__((__deprecated__));
      ^~~~~~~~
Finished building: ../src/helloworld.c
 
Building target: mpuart.elf
Invoking: MicroBlaze gcc linker
mb-gcc -Wl,-T -Wl,../src/lscript.ld -L../../mpuart_bsp/microblaze_0/lib -mlittle-endian -mcpu=v11.0 -mxl-soft-mul -Wl,--no-relax -Wl,--gc-sections -o "mpuart.elf" ./src/helloworld.o ./src/platform.o   -Wl,--start-group,-lxil,-lgcc,-lc,--end-group
Finished building target: mpuart.elf
 
Invoking: MicroBlaze Print Size
mb-size mpuart.elf  |tee "mpuart.elf.size"
   text	   data	    bss	    dec	    hex	filename
  12848	    712	   4952	  18512	   4850	mpuart.elf
Finished building: mpuart.elf.size
 
03:26:46 **** Auto Build of configuration Debug for project mpuart ****
make all 
Building file: ../src/helloworld.c
Invoking: MicroBlaze gcc compiler
mb-gcc -Wall -O0 -g3 -c -fmessage-length=0 -MT"src/helloworld.o" -I../../mpuart_bsp/microblaze_0/include -mlittle-endian -mcpu=v11.0 -mxl-soft-mul -Wl,--no-relax -ffunction-sections -fdata-sections -MMD -MP -MF"src/helloworld.d" -MT"src/helloworld.o" -o "src/helloworld.o" "../src/helloworld.c"
../src/helloworld.c: In function 'main':
../src/helloworld.c:204:6: warning: 'MB_Sleep' is deprecated [-Wdeprecated-declarations]
      MB_Sleep(100);
      ^~~~~~~~
In file included from ../src/helloworld.c:20:
../../mpuart_bsp/microblaze_0/include/microblaze_sleep.h:119:6: note: declared here
 void MB_Sleep(u32 MilliSeconds) __attribute__((__deprecated__));
      ^~~~~~~~
Finished building: ../src/helloworld.c
 
Building target: mpuart.elf
Invoking: MicroBlaze gcc linker
mb-gcc -Wl,-T -Wl,../src/lscript.ld -L../../mpuart_bsp/microblaze_0/lib -mlittle-endian -mcpu=v11.0 -mxl-soft-mul -Wl,--no-relax -Wl,--gc-sections -o "mpuart.elf" ./src/helloworld.o ./src/platform.o   -Wl,--start-group,-lxil,-lgcc,-lc,--end-group
Finished building target: mpuart.elf
 
Invoking: MicroBlaze Print Size
mb-size mpuart.elf  |tee "mpuart.elf.size"
   text	   data	    bss	    dec	    hex	filename
  13112	    712	   4952	  18776	   4958	mpuart.elf
Finished building: mpuart.elf.size
 
03:26:52 **** Incremental Build of configuration Debug for project mpuart ****
make all 
make: Nothing to be done for 'all'.
03:28:27 **** Incremental Build of configuration Debug for project mpuart ****
make all 
Building file: ../src/helloworld.c
Invoking: MicroBlaze gcc compiler
mb-gcc -Wall -O0 -g3 -c -fmessage-length=0 -MT"src/helloworld.o" -I../../mpuart_bsp/microblaze_0/include -mlittle-endian -mcpu=v11.0 -mxl-soft-mul -Wl,--no-relax -ffunction-sections -fdata-sections -MMD -MP -MF"src/helloworld.d" -MT"src/helloworld.o" -o "src/helloworld.o" "../src/helloworld.c"
../src/helloworld.c: In function 'main':
../src/helloworld.c:195:6: warning: 'MB_Sleep' is deprecated [-Wdeprecated-declarations]
      MB_Sleep(100);
      ^~~~~~~~
In file included from ../src/helloworld.c:20:
../../mpuart_bsp/microblaze_0/include/microblaze_sleep.h:119:6: note: declared here
 void MB_Sleep(u32 MilliSeconds) __attribute__((__deprecated__));
      ^~~~~~~~
Finished building: ../src/helloworld.c
 
Building target: mpuart.elf
Invoking: MicroBlaze gcc linker
mb-gcc -Wl,-T -Wl,../src/lscript.ld -L../../mpuart_bsp/microblaze_0/lib -mlittle-endian -mcpu=v11.0 -mxl-soft-mul -Wl,--no-relax -Wl,--gc-sections -o "mpuart.elf" ./src/helloworld.o ./src/platform.o   -Wl,--start-group,-lxil,-lgcc,-lc,--end-group
Finished building target: mpuart.elf
 
Invoking: MicroBlaze Print Size
mb-size mpuart.elf  |tee "mpuart.elf.size"
   text	   data	    bss	    dec	    hex	filename
  12732	    712	   4956	  18400	   47e0	mpuart.elf
Finished building: mpuart.elf.size
 
03:29:43 **** Incremental Build of configuration Debug for project mpuart ****
make all 
Building file: ../src/helloworld.c
Invoking: MicroBlaze gcc compiler
mb-gcc -Wall -O0 -g3 -c -fmessage-length=0 -MT"src/helloworld.o" -I../../mpuart_bsp/microblaze_0/include -mlittle-endian -mcpu=v11.0 -mxl-soft-mul -Wl,--no-relax -ffunction-sections -fdata-sections -MMD -MP -MF"src/helloworld.d" -MT"src/helloworld.o" -o "src/helloworld.o" "../src/helloworld.c"
../src/helloworld.c: In function 'main':
../src/helloworld.c:195:6: warning: 'MB_Sleep' is deprecated [-Wdeprecated-declarations]
      MB_Sleep(100);
      ^~~~~~~~
In file included from ../src/helloworld.c:20:
../../mpuart_bsp/microblaze_0/include/microblaze_sleep.h:119:6: note: declared here
 void MB_Sleep(u32 MilliSeconds) __attribute__((__deprecated__));
      ^~~~~~~~
Finished building: ../src/helloworld.c
 
Building target: mpuart.elf
Invoking: MicroBlaze gcc linker
mb-gcc -Wl,-T -Wl,../src/lscript.ld -L../../mpuart_bsp/microblaze_0/lib -mlittle-endian -mcpu=v11.0 -mxl-soft-mul -Wl,--no-relax -Wl,--gc-sections -o "mpuart.elf" ./src/helloworld.o ./src/platform.o   -Wl,--start-group,-lxil,-lgcc,-lc,--end-group
Finished building target: mpuart.elf
 
Invoking: MicroBlaze Print Size
mb-size mpuart.elf  |tee "mpuart.elf.size"
   text	   data	    bss	    dec	    hex	filename
  12716	    712	   4956	  18384	   47d0	mpuart.elf
Finished building: mpuart.elf.size
 
03:30:08 **** Incremental Build of configuration Debug for project mpuart ****
make all 
make: Nothing to be done for 'all'.
03:33:22 **** Auto Build of configuration Debug for project mpuart ****
make all 
Building file: ../src/helloworld.c
Invoking: MicroBlaze gcc compiler
mb-gcc -Wall -O0 -g3 -c -fmessage-length=0 -MT"src/helloworld.o" -I../../mpuart_bsp/microblaze_0/include -mlittle-endian -mcpu=v11.0 -mxl-soft-mul -Wl,--no-relax -ffunction-sections -fdata-sections -MMD -MP -MF"src/helloworld.d" -MT"src/helloworld.o" -o "src/helloworld.o" "../src/helloworld.c"
../src/helloworld.c: In function 'RecvHandler':
../src/helloworld.c:107:45: error: expected ')' before 'FrameIndex'
   if((FrameIndex==0&&ReceiveBuffer[0]==0xFF)FrameIndex<MAX_FRAME_SIZE){
     ~                                       ^~~~~~~~~~
                                             )
../src/helloworld.c: In function 'main':
../src/helloworld.c:199:6: warning: 'MB_Sleep' is deprecated [-Wdeprecated-declarations]
      MB_Sleep(100);
      ^~~~~~~~
In file included from ../src/helloworld.c:20:
../../mpuart_bsp/microblaze_0/include/microblaze_sleep.h:119:6: note: declared here
 void MB_Sleep(u32 MilliSeconds) __attribute__((__deprecated__));
      ^~~~~~~~
make: *** [src/subdir.mk:26: src/helloworld.o] Error 1
03:33:34 **** Auto Build of configuration Debug for project mpuart ****
make all 
Building file: ../src/helloworld.c
Invoking: MicroBlaze gcc compiler
mb-gcc -Wall -O0 -g3 -c -fmessage-length=0 -MT"src/helloworld.o" -I../../mpuart_bsp/microblaze_0/include -mlittle-endian -mcpu=v11.0 -mxl-soft-mul -Wl,--no-relax -ffunction-sections -fdata-sections -MMD -MP -MF"src/helloworld.d" -MT"src/helloworld.o" -o "src/helloworld.o" "../src/helloworld.c"
../src/helloworld.c: In function 'main':
../src/helloworld.c:199:6: warning: 'MB_Sleep' is deprecated [-Wdeprecated-declarations]
      MB_Sleep(100);
      ^~~~~~~~
In file included from ../src/helloworld.c:20:
../../mpuart_bsp/microblaze_0/include/microblaze_sleep.h:119:6: note: declared here
 void MB_Sleep(u32 MilliSeconds) __attribute__((__deprecated__));
      ^~~~~~~~
Finished building: ../src/helloworld.c
 
Building target: mpuart.elf
Invoking: MicroBlaze gcc linker
mb-gcc -Wl,-T -Wl,../src/lscript.ld -L../../mpuart_bsp/microblaze_0/lib -mlittle-endian -mcpu=v11.0 -mxl-soft-mul -Wl,--no-relax -Wl,--gc-sections -o "mpuart.elf" ./src/helloworld.o ./src/platform.o   -Wl,--start-group,-lxil,-lgcc,-lc,--end-group
Finished building target: mpuart.elf
 
Invoking: MicroBlaze Print Size
mb-size mpuart.elf  |tee "mpuart.elf.size"
   text	   data	    bss	    dec	    hex	filename
  12792	    712	   4952	  18456	   4818	mpuart.elf
Finished building: mpuart.elf.size
 
03:33:50 **** Incremental Build of configuration Debug for project mpuart ****
make all 
make: Nothing to be done for 'all'.
03:35:45 **** Incremental Build of configuration Debug for project mpuart ****
make all 
make: Nothing to be done for 'all'.
03:40:23 **** Auto Build of configuration Debug for project mpuart ****
make all 
Building file: ../src/helloworld.c
Invoking: MicroBlaze gcc compiler
mb-gcc -Wall -O0 -g3 -c -fmessage-length=0 -MT"src/helloworld.o" -I../../mpuart_bsp/microblaze_0/include -mlittle-endian -mcpu=v11.0 -mxl-soft-mul -Wl,--no-relax -ffunction-sections -fdata-sections -MMD -MP -MF"src/helloworld.d" -MT"src/helloworld.o" -o "src/helloworld.o" "../src/helloworld.c"
Finished building: ../src/helloworld.c
 
Building target: mpuart.elf
Invoking: MicroBlaze gcc linker
mb-gcc -Wl,-T -Wl,../src/lscript.ld -L../../mpuart_bsp/microblaze_0/lib -mlittle-endian -mcpu=v11.0 -mxl-soft-mul -Wl,--no-relax -Wl,--gc-sections -o "mpuart.elf" ./src/helloworld.o ./src/platform.o   -Wl,--start-group,-lxil,-lgcc,-lc,--end-group
Finished building target: mpuart.elf
 
Invoking: MicroBlaze Print Size
mb-size mpuart.elf  |tee "mpuart.elf.size"
   text	   data	    bss	    dec	    hex	filename
  12636	    712	   4956	  18304	   4780	mpuart.elf
Finished building: mpuart.elf.size
 
03:40:26 **** Incremental Build of configuration Debug for project mpuart ****
make all 
make: Nothing to be done for 'all'.
03:43:36 **** Incremental Build of configuration Debug for project test ****
make all 
make: Nothing to be done for 'all'.
03:45:11 **** Auto Build of configuration Debug for project mpuart ****
make all 
Building file: ../src/helloworld.c
Invoking: MicroBlaze gcc compiler
mb-gcc -Wall -O0 -g3 -c -fmessage-length=0 -MT"src/helloworld.o" -I../../mpuart_bsp/microblaze_0/include -mlittle-endian -mcpu=v11.0 -mxl-soft-mul -Wl,--no-relax -ffunction-sections -fdata-sections -MMD -MP -MF"src/helloworld.d" -MT"src/helloworld.o" -o "src/helloworld.o" "../src/helloworld.c"
Finished building: ../src/helloworld.c
 
Building target: mpuart.elf
Invoking: MicroBlaze gcc linker
mb-gcc -Wl,-T -Wl,../src/lscript.ld -L../../mpuart_bsp/microblaze_0/lib -mlittle-endian -mcpu=v11.0 -mxl-soft-mul -Wl,--no-relax -Wl,--gc-sections -o "mpuart.elf" ./src/helloworld.o ./src/platform.o   -Wl,--start-group,-lxil,-lgcc,-lc,--end-group
Finished building target: mpuart.elf
 
Invoking: MicroBlaze Print Size
mb-size mpuart.elf  |tee "mpuart.elf.size"
   text	   data	    bss	    dec	    hex	filename
  12680	    712	   4952	  18344	   47a8	mpuart.elf
Finished building: mpuart.elf.size
 
03:45:15 **** Incremental Build of configuration Debug for project mpuart ****
make all 
make: Nothing to be done for 'all'.
03:47:54 **** Incremental Build of configuration Debug for project mpuart ****
make all 
Building file: ../src/helloworld.c
Invoking: MicroBlaze gcc compiler
mb-gcc -Wall -O0 -g3 -c -fmessage-length=0 -MT"src/helloworld.o" -I../../mpuart_bsp/microblaze_0/include -mlittle-endian -mcpu=v11.0 -mxl-soft-mul -Wl,--no-relax -ffunction-sections -fdata-sections -MMD -MP -MF"src/helloworld.d" -MT"src/helloworld.o" -o "src/helloworld.o" "../src/helloworld.c"
Finished building: ../src/helloworld.c
 
Building target: mpuart.elf
Invoking: MicroBlaze gcc linker
mb-gcc -Wl,-T -Wl,../src/lscript.ld -L../../mpuart_bsp/microblaze_0/lib -mlittle-endian -mcpu=v11.0 -mxl-soft-mul -Wl,--no-relax -Wl,--gc-sections -o "mpuart.elf" ./src/helloworld.o ./src/platform.o   -Wl,--start-group,-lxil,-lgcc,-lc,--end-group
Finished building target: mpuart.elf
 
Invoking: MicroBlaze Print Size
mb-size mpuart.elf  |tee "mpuart.elf.size"
   text	   data	    bss	    dec	    hex	filename
  12696	    712	   4952	  18360	   47b8	mpuart.elf
Finished building: mpuart.elf.size
 
03:49:48 **** Incremental Build of configuration Debug for project mpuart ****
make all 
Building file: ../src/helloworld.c
Invoking: MicroBlaze gcc compiler
mb-gcc -Wall -O0 -g3 -c -fmessage-length=0 -MT"src/helloworld.o" -I../../mpuart_bsp/microblaze_0/include -mlittle-endian -mcpu=v11.0 -mxl-soft-mul -Wl,--no-relax -ffunction-sections -fdata-sections -MMD -MP -MF"src/helloworld.d" -MT"src/helloworld.o" -o "src/helloworld.o" "../src/helloworld.c"
Finished building: ../src/helloworld.c
 
Building target: mpuart.elf
Invoking: MicroBlaze gcc linker
mb-gcc -Wl,-T -Wl,../src/lscript.ld -L../../mpuart_bsp/microblaze_0/lib -mlittle-endian -mcpu=v11.0 -mxl-soft-mul -Wl,--no-relax -Wl,--gc-sections -o "mpuart.elf" ./src/helloworld.o ./src/platform.o   -Wl,--start-group,-lxil,-lgcc,-lc,--end-group
Finished building target: mpuart.elf
 
Invoking: MicroBlaze Print Size
mb-size mpuart.elf  |tee "mpuart.elf.size"
   text	   data	    bss	    dec	    hex	filename
  12748	    712	   4956	  18416	   47f0	mpuart.elf
Finished building: mpuart.elf.size
 
03:50:09 **** Incremental Build of configuration Debug for project test ****
make all 
make: Nothing to be done for 'all'.
03:50:37 **** Incremental Build of configuration Debug for project test ****
make all 
make: Nothing to be done for 'all'.
03:58:05 **** Incremental Build of configuration Debug for project mpuart ****
make all 
Building file: ../src/helloworld.c
Invoking: MicroBlaze gcc compiler
mb-gcc -Wall -O0 -g3 -c -fmessage-length=0 -MT"src/helloworld.o" -I../../mpuart_bsp/microblaze_0/include -mlittle-endian -mcpu=v11.0 -mxl-soft-mul -Wl,--no-relax -ffunction-sections -fdata-sections -MMD -MP -MF"src/helloworld.d" -MT"src/helloworld.o" -o "src/helloworld.o" "../src/helloworld.c"
Finished building: ../src/helloworld.c
 
Building target: mpuart.elf
Invoking: MicroBlaze gcc linker
mb-gcc -Wl,-T -Wl,../src/lscript.ld -L../../mpuart_bsp/microblaze_0/lib -mlittle-endian -mcpu=v11.0 -mxl-soft-mul -Wl,--no-relax -Wl,--gc-sections -o "mpuart.elf" ./src/helloworld.o ./src/platform.o   -Wl,--start-group,-lxil,-lgcc,-lc,--end-group
Finished building target: mpuart.elf
 
Invoking: MicroBlaze Print Size
mb-size mpuart.elf  |tee "mpuart.elf.size"
   text	   data	    bss	    dec	    hex	filename
  12360	    712	   6448	  19520	   4c40	mpuart.elf
Finished building: mpuart.elf.size
 
13:18:09 **** Clean-only build of configuration Debug for project uartmpinterrupt ****
make clean 
rm -rf ./src/helloworld.o ./src/platform.o ./src/helloworld.d ./src/platform.d uartmpinterrupt.elf.size  uartmpinterrupt.elf
 
13:18:10 **** Auto Build of configuration Debug for project uartmpinterrupt ****
make all 
Building file: ../src/helloworld.c
Invoking: MicroBlaze gcc compiler
mb-gcc -Wall -O0 -g3 -c -fmessage-length=0 -MT"src/helloworld.o" -I../../uartmpinterrupt_bsp/microblaze_0/include -mlittle-endian -mcpu=v11.0 -mxl-soft-mul -Wl,--no-relax -ffunction-sections -fdata-sections -MMD -MP -MF"src/helloworld.d" -MT"src/helloworld.o" -o "src/helloworld.o" "../src/helloworld.c"
../src/helloworld.c: In function 'SetupInterruptSystem':
../src/helloworld.c:38:33: error: 'XPAR_INTC_0_UARTLITE_0_VEC_ID' undeclared (first use in this function); did you mean 'XPAR_INTC_0_EMACLITE_0_VEC_ID'?
 #define UARTLITE_INT_IRQ_ID     XPAR_INTC_0_UARTLITE_0_VEC_ID
                                 ^~~~~~~~~~~~~~~~~~~~~~~~~~~~~
../src/helloworld.c:225:47: note: in expansion of macro 'UARTLITE_INT_IRQ_ID'
  Status = XIntc_Connect(&InterruptController, UARTLITE_INT_IRQ_ID,
                                               ^~~~~~~~~~~~~~~~~~~
../src/helloworld.c:38:33: note: each undeclared identifier is reported only once for each function it appears in
 #define UARTLITE_INT_IRQ_ID     XPAR_INTC_0_UARTLITE_0_VEC_ID
                                 ^~~~~~~~~~~~~~~~~~~~~~~~~~~~~
../src/helloworld.c:225:47: note: in expansion of macro 'UARTLITE_INT_IRQ_ID'
  Status = XIntc_Connect(&InterruptController, UARTLITE_INT_IRQ_ID,
                                               ^~~~~~~~~~~~~~~~~~~
../src/helloworld.c: In function 'main':
../src/helloworld.c:295:6: warning: 'MB_Sleep' is deprecated [-Wdeprecated-declarations]
      MB_Sleep(100);
      ^~~~~~~~
In file included from ../src/helloworld.c:20:
../../uartmpinterrupt_bsp/microblaze_0/include/microblaze_sleep.h:119:6: note: declared here
 void MB_Sleep(u32 MilliSeconds) __attribute__((__deprecated__));
      ^~~~~~~~
make: *** [src/subdir.mk:26: src/helloworld.o] Error 1
13:22:56 **** Auto Build of configuration Debug for project uartmpinterrupt ****
make all 
Building file: ../src/helloworld.c
Invoking: MicroBlaze gcc compiler
mb-gcc -Wall -O0 -g3 -c -fmessage-length=0 -MT"src/helloworld.o" -I../../uartmpinterrupt_bsp/microblaze_0/include -mlittle-endian -mcpu=v11.0 -mxl-soft-mul -Wl,--no-relax -ffunction-sections -fdata-sections -MMD -MP -MF"src/helloworld.d" -MT"src/helloworld.o" -o "src/helloworld.o" "../src/helloworld.c"
../src/helloworld.c: In function 'SetupInterruptSystem':
../src/helloworld.c:38:33: error: 'XPAR_INTC_0_UARTLITE_0_VEC_ID' undeclared (first use in this function); did you mean 'XPAR_INTC_0_EMACLITE_0_VEC_ID'?
 #define UARTLITE_INT_IRQ_ID     XPAR_INTC_0_UARTLITE_0_VEC_ID
                                 ^~~~~~~~~~~~~~~~~~~~~~~~~~~~~
../src/helloworld.c:143:47: note: in expansion of macro 'UARTLITE_INT_IRQ_ID'
  Status = XIntc_Connect(&InterruptController, UARTLITE_INT_IRQ_ID,
                                               ^~~~~~~~~~~~~~~~~~~
../src/helloworld.c:38:33: note: each undeclared identifier is reported only once for each function it appears in
 #define UARTLITE_INT_IRQ_ID     XPAR_INTC_0_UARTLITE_0_VEC_ID
                                 ^~~~~~~~~~~~~~~~~~~~~~~~~~~~~
../src/helloworld.c:143:47: note: in expansion of macro 'UARTLITE_INT_IRQ_ID'
  Status = XIntc_Connect(&InterruptController, UARTLITE_INT_IRQ_ID,
                                               ^~~~~~~~~~~~~~~~~~~
make: *** [src/subdir.mk:26: src/helloworld.o] Error 1
13:23:20 **** Auto Build of project uartmpinterrupt_bsp ****
make -k all 
Running Make include in microblaze_0/libsrc/bram_v4_3/src
make -C microblaze_0/libsrc/bram_v4_3/src -s include  "SHELL=/bin/sh" "COMPILER=mb-gcc" "ARCHIVER=mb-ar" "COMPILER_FLAGS=  -O2 -c -mcpu=v11.0 -mlittle-endian -mxl-soft-mul" "EXTRA_COMPILER_FLAGS=-ffunction-sections -fdata-sections -Wall -Wextra"
Running Make include in microblaze_0/libsrc/cpu_v2_9/src
make -C microblaze_0/libsrc/cpu_v2_9/src -s include  "SHELL=/bin/sh" "COMPILER=mb-gcc" "ARCHIVER=mb-ar" "COMPILER_FLAGS=  -O2 -c -mcpu=v11.0 -mlittle-endian -mxl-soft-mul" "EXTRA_COMPILER_FLAGS=-ffunction-sections -fdata-sections -Wall -Wextra"
Running Make include in microblaze_0/libsrc/ecemptcamip_v1_0/src
make -C microblaze_0/libsrc/ecemptcamip_v1_0/src -s include  "SHELL=/bin/sh" "COMPILER=mb-gcc" "ARCHIVER=mb-ar" "COMPILER_FLAGS=  -O2 -c -mcpu=v11.0 -mlittle-endian -mxl-soft-mul" "EXTRA_COMPILER_FLAGS=-ffunction-sections -fdata-sections -Wall -Wextra"
Running Make include in microblaze_0/libsrc/emaclite_v4_4/src
make -C microblaze_0/libsrc/emaclite_v4_4/src -s include  "SHELL=/bin/sh" "COMPILER=mb-gcc" "ARCHIVER=mb-ar" "COMPILER_FLAGS=  -O2 -c -mcpu=v11.0 -mlittle-endian -mxl-soft-mul" "EXTRA_COMPILER_FLAGS=-ffunction-sections -fdata-sections -Wall -Wextra"
Running Make include in microblaze_0/libsrc/intc_v3_9/src
make -C microblaze_0/libsrc/intc_v3_9/src -s include  "SHELL=/bin/sh" "COMPILER=mb-gcc" "ARCHIVER=mb-ar" "COMPILER_FLAGS=  -O2 -c -mcpu=v11.0 -mlittle-endian -mxl-soft-mul" "EXTRA_COMPILER_FLAGS=-ffunction-sections -fdata-sections -Wall -Wextra"
Running Make include in microblaze_0/libsrc/standalone_v7_0/src
make -C microblaze_0/libsrc/standalone_v7_0/src -s include  "SHELL=/bin/sh" "COMPILER=mb-gcc" "ARCHIVER=mb-ar" "COMPILER_FLAGS=  -O2 -c -mcpu=v11.0 -mlittle-endian -mxl-soft-mul" "EXTRA_COMPILER_FLAGS=-ffunction-sections -fdata-sections -Wall -Wextra"
Running Make include in microblaze_0/libsrc/tmrctr_v4_5/src
make -C microblaze_0/libsrc/tmrctr_v4_5/src -s include  "SHELL=/bin/sh" "COMPILER=mb-gcc" "ARCHIVER=mb-ar" "COMPILER_FLAGS=  -O2 -c -mcpu=v11.0 -mlittle-endian -mxl-soft-mul" "EXTRA_COMPILER_FLAGS=-ffunction-sections -fdata-sections -Wall -Wextra"
Running Make include in microblaze_0/libsrc/uartlite_v3_2/src
make -C microblaze_0/libsrc/uartlite_v3_2/src -s include  "SHELL=/bin/sh" "COMPILER=mb-gcc" "ARCHIVER=mb-ar" "COMPILER_FLAGS=  -O2 -c -mcpu=v11.0 -mlittle-endian -mxl-soft-mul" "EXTRA_COMPILER_FLAGS=-ffunction-sections -fdata-sections -Wall -Wextra"
Running Make libs in microblaze_0/libsrc/bram_v4_3/src
make -C microblaze_0/libsrc/bram_v4_3/src -s libs  "SHELL=/bin/sh" "COMPILER=mb-gcc" "ARCHIVER=mb-ar" "COMPILER_FLAGS=  -O2 -c -mcpu=v11.0 -mlittle-endian -mxl-soft-mul" "EXTRA_COMPILER_FLAGS=-ffunction-sections -fdata-sections -Wall -Wextra"
Compiling bram
mb-ar: creating ../../../lib/libxil.a
Running Make libs in microblaze_0/libsrc/cpu_v2_9/src
make -C microblaze_0/libsrc/cpu_v2_9/src -s libs  "SHELL=/bin/sh" "COMPILER=mb-gcc" "ARCHIVER=mb-ar" "COMPILER_FLAGS=  -O2 -c -mcpu=v11.0 -mlittle-endian -mxl-soft-mul" "EXTRA_COMPILER_FLAGS=-ffunction-sections -fdata-sections -Wall -Wextra"
Compiling cpu
Running Make libs in microblaze_0/libsrc/ecemptcamip_v1_0/src
make -C microblaze_0/libsrc/ecemptcamip_v1_0/src -s libs  "SHELL=/bin/sh" "COMPILER=mb-gcc" "ARCHIVER=mb-ar" "COMPILER_FLAGS=  -O2 -c -mcpu=v11.0 -mlittle-endian -mxl-soft-mul" "EXTRA_COMPILER_FLAGS=-ffunction-sections -fdata-sections -Wall -Wextra"
Compiling ecemptcamip...
ecemptcamip_selftest.c: In function 'ECEMPTCAMIP_Reg_SelfTest':
ecemptcamip_selftest.c:52:60: warning: comparison of integer expressions of different signedness: 'u32' {aka 'long unsigned int'} and 'int' [-Wsign-compare]
    if ( ECEMPTCAMIP_mReadReg (baseaddr, read_loop_index*4) != (read_loop_index+1)*READ_WRITE_MUL_FACTOR){
                                                            ^~
ecemptcamip_selftest.c:36:6: warning: unused variable 'Index' [-Wunused-variable]
  int Index;
      ^~~~~
Running Make libs in microblaze_0/libsrc/emaclite_v4_4/src
make -C microblaze_0/libsrc/emaclite_v4_4/src -s libs  "SHELL=/bin/sh" "COMPILER=mb-gcc" "ARCHIVER=mb-ar" "COMPILER_FLAGS=  -O2 -c -mcpu=v11.0 -mlittle-endian -mxl-soft-mul" "EXTRA_COMPILER_FLAGS=-ffunction-sections -fdata-sections -Wall -Wextra"
Compiling emaclite
Running Make libs in microblaze_0/libsrc/intc_v3_9/src
make -C microblaze_0/libsrc/intc_v3_9/src -s libs  "SHELL=/bin/sh" "COMPILER=mb-gcc" "ARCHIVER=mb-ar" "COMPILER_FLAGS=  -O2 -c -mcpu=v11.0 -mlittle-endian -mxl-soft-mul" "EXTRA_COMPILER_FLAGS=-ffunction-sections -fdata-sections -Wall -Wextra"
Compiling intc
Running Make libs in microblaze_0/libsrc/standalone_v7_0/src
make -C microblaze_0/libsrc/standalone_v7_0/src -s libs  "SHELL=/bin/sh" "COMPILER=mb-gcc" "ARCHIVER=mb-ar" "COMPILER_FLAGS=  -O2 -c -mcpu=v11.0 -mlittle-endian -mxl-soft-mul" "EXTRA_COMPILER_FLAGS=-ffunction-sections -fdata-sections -Wall -Wextra"
Compiling standalone
microblaze_sleep.c:77:9: note: #pragma message: For the sleep routines, assembly instructions are used
 #pragma message ("For the sleep routines, assembly instructions are used")
         ^~~~~~~
Running Make libs in microblaze_0/libsrc/tmrctr_v4_5/src
make -C microblaze_0/libsrc/tmrctr_v4_5/src -s libs  "SHELL=/bin/sh" "COMPILER=mb-gcc" "ARCHIVER=mb-ar" "COMPILER_FLAGS=  -O2 -c -mcpu=v11.0 -mlittle-endian -mxl-soft-mul" "EXTRA_COMPILER_FLAGS=-ffunction-sections -fdata-sections -Wall -Wextra"
Compiling tmrctr
Running Make libs in microblaze_0/libsrc/uartlite_v3_2/src
make -C microblaze_0/libsrc/uartlite_v3_2/src -s libs  "SHELL=/bin/sh" "COMPILER=mb-gcc" "ARCHIVER=mb-ar" "COMPILER_FLAGS=  -O2 -c -mcpu=v11.0 -mlittle-endian -mxl-soft-mul" "EXTRA_COMPILER_FLAGS=-ffunction-sections -fdata-sections -Wall -Wextra"
Compiling uartlite
Finished building libraries
13:23:22 **** Auto Build of configuration Debug for project uartmpinterrupt ****
make all 
Building file: ../src/helloworld.c
Invoking: MicroBlaze gcc compiler
mb-gcc -Wall -O0 -g3 -c -fmessage-length=0 -MT"src/helloworld.o" -I../../uartmpinterrupt_bsp/microblaze_0/include -mlittle-endian -mcpu=v11.0 -mxl-soft-mul -Wl,--no-relax -ffunction-sections -fdata-sections -MMD -MP -MF"src/helloworld.d" -MT"src/helloworld.o" -o "src/helloworld.o" "../src/helloworld.c"
../src/helloworld.c: In function 'SetupInterruptSystem':
../src/helloworld.c:38:33: error: 'XPAR_INTC_0_UARTLITE_0_VEC_ID' undeclared (first use in this function); did you mean 'XPAR_INTC_0_EMACLITE_0_VEC_ID'?
 #define UARTLITE_INT_IRQ_ID     XPAR_INTC_0_UARTLITE_0_VEC_ID
                                 ^~~~~~~~~~~~~~~~~~~~~~~~~~~~~
../src/helloworld.c:143:47: note: in expansion of macro 'UARTLITE_INT_IRQ_ID'
  Status = XIntc_Connect(&InterruptController, UARTLITE_INT_IRQ_ID,
                                               ^~~~~~~~~~~~~~~~~~~
../src/helloworld.c:38:33: note: each undeclared identifier is reported only once for each function it appears in
 #define UARTLITE_INT_IRQ_ID     XPAR_INTC_0_UARTLITE_0_VEC_ID
                                 ^~~~~~~~~~~~~~~~~~~~~~~~~~~~~
../src/helloworld.c:143:47: note: in expansion of macro 'UARTLITE_INT_IRQ_ID'
  Status = XIntc_Connect(&InterruptController, UARTLITE_INT_IRQ_ID,
                                               ^~~~~~~~~~~~~~~~~~~
make: *** [src/subdir.mk:26: src/helloworld.o] Error 1
13:24:34 **** Build of project uartrecv_bsp ****
make -k all 
Running Make include in microblaze_0/libsrc/bram_v4_3/src
make -C microblaze_0/libsrc/bram_v4_3/src -s include  "SHELL=/bin/sh" "COMPILER=mb-gcc" "ARCHIVER=mb-ar" "COMPILER_FLAGS=  -O2 -c -mcpu=v11.0 -mlittle-endian -mxl-soft-mul" "EXTRA_COMPILER_FLAGS=-ffunction-sections -fdata-sections -Wall -Wextra"
Running Make include in microblaze_0/libsrc/cpu_v2_9/src
make -C microblaze_0/libsrc/cpu_v2_9/src -s include  "SHELL=/bin/sh" "COMPILER=mb-gcc" "ARCHIVER=mb-ar" "COMPILER_FLAGS=  -O2 -c -mcpu=v11.0 -mlittle-endian -mxl-soft-mul" "EXTRA_COMPILER_FLAGS=-ffunction-sections -fdata-sections -Wall -Wextra"
Running Make include in microblaze_0/libsrc/ecemptcamip_v1_0/src
make -C microblaze_0/libsrc/ecemptcamip_v1_0/src -s include  "SHELL=/bin/sh" "COMPILER=mb-gcc" "ARCHIVER=mb-ar" "COMPILER_FLAGS=  -O2 -c -mcpu=v11.0 -mlittle-endian -mxl-soft-mul" "EXTRA_COMPILER_FLAGS=-ffunction-sections -fdata-sections -Wall -Wextra"
Running Make include in microblaze_0/libsrc/emaclite_v4_4/src
make -C microblaze_0/libsrc/emaclite_v4_4/src -s include  "SHELL=/bin/sh" "COMPILER=mb-gcc" "ARCHIVER=mb-ar" "COMPILER_FLAGS=  -O2 -c -mcpu=v11.0 -mlittle-endian -mxl-soft-mul" "EXTRA_COMPILER_FLAGS=-ffunction-sections -fdata-sections -Wall -Wextra"
Running Make include in microblaze_0/libsrc/intc_v3_9/src
make -C microblaze_0/libsrc/intc_v3_9/src -s include  "SHELL=/bin/sh" "COMPILER=mb-gcc" "ARCHIVER=mb-ar" "COMPILER_FLAGS=  -O2 -c -mcpu=v11.0 -mlittle-endian -mxl-soft-mul" "EXTRA_COMPILER_FLAGS=-ffunction-sections -fdata-sections -Wall -Wextra"
Running Make include in microblaze_0/libsrc/standalone_v7_0/src
make -C microblaze_0/libsrc/standalone_v7_0/src -s include  "SHELL=/bin/sh" "COMPILER=mb-gcc" "ARCHIVER=mb-ar" "COMPILER_FLAGS=  -O2 -c -mcpu=v11.0 -mlittle-endian -mxl-soft-mul" "EXTRA_COMPILER_FLAGS=-ffunction-sections -fdata-sections -Wall -Wextra"
Running Make include in microblaze_0/libsrc/tmrctr_v4_5/src
make -C microblaze_0/libsrc/tmrctr_v4_5/src -s include  "SHELL=/bin/sh" "COMPILER=mb-gcc" "ARCHIVER=mb-ar" "COMPILER_FLAGS=  -O2 -c -mcpu=v11.0 -mlittle-endian -mxl-soft-mul" "EXTRA_COMPILER_FLAGS=-ffunction-sections -fdata-sections -Wall -Wextra"
Running Make include in microblaze_0/libsrc/uartlite_v3_2/src
make -C microblaze_0/libsrc/uartlite_v3_2/src -s include  "SHELL=/bin/sh" "COMPILER=mb-gcc" "ARCHIVER=mb-ar" "COMPILER_FLAGS=  -O2 -c -mcpu=v11.0 -mlittle-endian -mxl-soft-mul" "EXTRA_COMPILER_FLAGS=-ffunction-sections -fdata-sections -Wall -Wextra"
Running Make libs in microblaze_0/libsrc/bram_v4_3/src
make -C microblaze_0/libsrc/bram_v4_3/src -s libs  "SHELL=/bin/sh" "COMPILER=mb-gcc" "ARCHIVER=mb-ar" "COMPILER_FLAGS=  -O2 -c -mcpu=v11.0 -mlittle-endian -mxl-soft-mul" "EXTRA_COMPILER_FLAGS=-ffunction-sections -fdata-sections -Wall -Wextra"
Compiling bram
mb-ar: creating ../../../lib/libxil.a
Running Make libs in microblaze_0/libsrc/cpu_v2_9/src
make -C microblaze_0/libsrc/cpu_v2_9/src -s libs  "SHELL=/bin/sh" "COMPILER=mb-gcc" "ARCHIVER=mb-ar" "COMPILER_FLAGS=  -O2 -c -mcpu=v11.0 -mlittle-endian -mxl-soft-mul" "EXTRA_COMPILER_FLAGS=-ffunction-sections -fdata-sections -Wall -Wextra"
Compiling cpu
Running Make libs in microblaze_0/libsrc/ecemptcamip_v1_0/src
make -C microblaze_0/libsrc/ecemptcamip_v1_0/src -s libs  "SHELL=/bin/sh" "COMPILER=mb-gcc" "ARCHIVER=mb-ar" "COMPILER_FLAGS=  -O2 -c -mcpu=v11.0 -mlittle-endian -mxl-soft-mul" "EXTRA_COMPILER_FLAGS=-ffunction-sections -fdata-sections -Wall -Wextra"
Compiling ecemptcamip...
ecemptcamip_selftest.c: In function 'ECEMPTCAMIP_Reg_SelfTest':
ecemptcamip_selftest.c:52:60: warning: comparison of integer expressions of different signedness: 'u32' {aka 'long unsigned int'} and 'int' [-Wsign-compare]
    if ( ECEMPTCAMIP_mReadReg (baseaddr, read_loop_index*4) != (read_loop_index+1)*READ_WRITE_MUL_FACTOR){
                                                            ^~
ecemptcamip_selftest.c:36:6: warning: unused variable 'Index' [-Wunused-variable]
  int Index;
      ^~~~~
Running Make libs in microblaze_0/libsrc/emaclite_v4_4/src
make -C microblaze_0/libsrc/emaclite_v4_4/src -s libs  "SHELL=/bin/sh" "COMPILER=mb-gcc" "ARCHIVER=mb-ar" "COMPILER_FLAGS=  -O2 -c -mcpu=v11.0 -mlittle-endian -mxl-soft-mul" "EXTRA_COMPILER_FLAGS=-ffunction-sections -fdata-sections -Wall -Wextra"
Compiling emaclite
Running Make libs in microblaze_0/libsrc/intc_v3_9/src
make -C microblaze_0/libsrc/intc_v3_9/src -s libs  "SHELL=/bin/sh" "COMPILER=mb-gcc" "ARCHIVER=mb-ar" "COMPILER_FLAGS=  -O2 -c -mcpu=v11.0 -mlittle-endian -mxl-soft-mul" "EXTRA_COMPILER_FLAGS=-ffunction-sections -fdata-sections -Wall -Wextra"
Compiling intc
Running Make libs in microblaze_0/libsrc/standalone_v7_0/src
make -C microblaze_0/libsrc/standalone_v7_0/src -s libs  "SHELL=/bin/sh" "COMPILER=mb-gcc" "ARCHIVER=mb-ar" "COMPILER_FLAGS=  -O2 -c -mcpu=v11.0 -mlittle-endian -mxl-soft-mul" "EXTRA_COMPILER_FLAGS=-ffunction-sections -fdata-sections -Wall -Wextra"
Compiling standalone
microblaze_sleep.c:77:9: note: #pragma message: For the sleep routines, assembly instructions are used
 #pragma message ("For the sleep routines, assembly instructions are used")
         ^~~~~~~
Running Make libs in microblaze_0/libsrc/tmrctr_v4_5/src
make -C microblaze_0/libsrc/tmrctr_v4_5/src -s libs  "SHELL=/bin/sh" "COMPILER=mb-gcc" "ARCHIVER=mb-ar" "COMPILER_FLAGS=  -O2 -c -mcpu=v11.0 -mlittle-endian -mxl-soft-mul" "EXTRA_COMPILER_FLAGS=-ffunction-sections -fdata-sections -Wall -Wextra"
Compiling tmrctr
Running Make libs in microblaze_0/libsrc/uartlite_v3_2/src
make -C microblaze_0/libsrc/uartlite_v3_2/src -s libs  "SHELL=/bin/sh" "COMPILER=mb-gcc" "ARCHIVER=mb-ar" "COMPILER_FLAGS=  -O2 -c -mcpu=v11.0 -mlittle-endian -mxl-soft-mul" "EXTRA_COMPILER_FLAGS=-ffunction-sections -fdata-sections -Wall -Wextra"
Compiling uartlite
Finished building libraries

**** Build of configuration Debug for project uartrecv ****

Nothing to build for project uartrecv
13:24:58 **** Auto Build of configuration Debug for project uartrecv ****
make all 
Building file: ../src/main.c
Invoking: MicroBlaze gcc compiler
mb-gcc -Wall -O0 -g3 -c -fmessage-length=0 -MT"src/main.o" -I../../uartrecv_bsp/microblaze_0/include -mlittle-endian -mcpu=v11.0 -mxl-soft-mul -Wl,--no-relax -ffunction-sections -fdata-sections -MMD -MP -MF"src/main.d" -MT"src/main.o" -o "src/main.o" "../src/main.c"
Finished building: ../src/main.c
 
Building target: uartrecv.elf
Invoking: MicroBlaze gcc linker
mb-gcc -Wl,-T -Wl,../src/lscript.ld -L../../uartrecv_bsp/microblaze_0/lib -mlittle-endian -mcpu=v11.0 -mxl-soft-mul -Wl,--no-relax -Wl,--gc-sections -o "uartrecv.elf" ./src/main.o   -Wl,--start-group,-lxil,-lgcc,-lc,--end-group
/home/user/Xilinx/SDK/2019.1/gnu/microblaze/lin/bin/../lib/gcc/microblaze-xilinx-elf/8.2.0/../../../../microblaze-xilinx-elf/bin/ld: /home/user/Xilinx/SDK/2019.1/gnu/microblaze/lin/bin/../lib/gcc/microblaze-xilinx-elf/8.2.0/../../../../microblaze-xilinx-elf/lib/le/crtinit.o: in function `_crtinit':
(.text+0x78): undefined reference to `main'
collect2: error: ld returned 1 exit status
make: *** [makefile:38: uartrecv.elf] Error 1
13:25:05 **** Auto Build of configuration Debug for project uartrecv ****
make all 
Building file: ../src/main.c
Invoking: MicroBlaze gcc compiler
mb-gcc -Wall -O0 -g3 -c -fmessage-length=0 -MT"src/main.o" -I../../uartrecv_bsp/microblaze_0/include -mlittle-endian -mcpu=v11.0 -mxl-soft-mul -Wl,--no-relax -ffunction-sections -fdata-sections -MMD -MP -MF"src/main.d" -MT"src/main.o" -o "src/main.o" "../src/main.c"
../src/main.c:18:10: fatal error: platform.h: No such file or directory
 #include "platform.h"
          ^~~~~~~~~~~~
compilation terminated.
make: *** [src/subdir.mk:23: src/main.o] Error 1
13:25:16 **** Auto Build of configuration Debug for project uartrecv ****
make all 
Building file: ../src/main.c
Invoking: MicroBlaze gcc compiler
mb-gcc -Wall -O0 -g3 -c -fmessage-length=0 -MT"src/main.o" -I../../uartrecv_bsp/microblaze_0/include -mlittle-endian -mcpu=v11.0 -mxl-soft-mul -Wl,--no-relax -ffunction-sections -fdata-sections -MMD -MP -MF"src/main.d" -MT"src/main.o" -o "src/main.o" "../src/main.c"
../src/main.c:18:10: fatal error: platform.h: No such file or directory
 #include "platform.h"
          ^~~~~~~~~~~~
compilation terminated.
make: *** [src/subdir.mk:26: src/main.o] Error 1
13:25:18 **** Auto Build of configuration Debug for project uartrecv ****
make all 
Building file: ../src/main.c
Invoking: MicroBlaze gcc compiler
mb-gcc -Wall -O0 -g3 -c -fmessage-length=0 -MT"src/main.o" -I../../uartrecv_bsp/microblaze_0/include -mlittle-endian -mcpu=v11.0 -mxl-soft-mul -Wl,--no-relax -ffunction-sections -fdata-sections -MMD -MP -MF"src/main.d" -MT"src/main.o" -o "src/main.o" "../src/main.c"
In file included from ../src/main.c:18:
../src/platform.h:36:10: fatal error: platform_config.h: No such file or directory
 #include "platform_config.h"
          ^~~~~~~~~~~~~~~~~~~
compilation terminated.
make: *** [src/subdir.mk:26: src/main.o] Error 1
13:25:21 **** Auto Build of configuration Debug for project uartrecv ****
make all 
Building file: ../src/main.c
Invoking: MicroBlaze gcc compiler
mb-gcc -Wall -O0 -g3 -c -fmessage-length=0 -MT"src/main.o" -I../../uartrecv_bsp/microblaze_0/include -mlittle-endian -mcpu=v11.0 -mxl-soft-mul -Wl,--no-relax -ffunction-sections -fdata-sections -MMD -MP -MF"src/main.d" -MT"src/main.o" -o "src/main.o" "../src/main.c"
Finished building: ../src/main.c
 
Building file: ../src/platform.c
Invoking: MicroBlaze gcc compiler
mb-gcc -Wall -O0 -g3 -c -fmessage-length=0 -MT"src/platform.o" -I../../uartrecv_bsp/microblaze_0/include -mlittle-endian -mcpu=v11.0 -mxl-soft-mul -Wl,--no-relax -ffunction-sections -fdata-sections -MMD -MP -MF"src/platform.d" -MT"src/platform.o" -o "src/platform.o" "../src/platform.c"
Finished building: ../src/platform.c
 
Building target: uartrecv.elf
Invoking: MicroBlaze gcc linker
mb-gcc -Wl,-T -Wl,../src/lscript.ld -L../../uartrecv_bsp/microblaze_0/lib -mlittle-endian -mcpu=v11.0 -mxl-soft-mul -Wl,--no-relax -Wl,--gc-sections -o "uartrecv.elf" ./src/main.o ./src/platform.o   -Wl,--start-group,-lxil,-lgcc,-lc,--end-group
Finished building target: uartrecv.elf
 
Invoking: MicroBlaze Print Size
mb-size uartrecv.elf  |tee "uartrecv.elf.size"
   text	   data	    bss	    dec	    hex	filename
  12372	    712	   4956	  18040	   4678	uartrecv.elf
Finished building: uartrecv.elf.size
 
13:27:15 **** Build of project recvuartmp_bsp ****
make -k all 
Running Make include in microblaze_0/libsrc/bram_v4_3/src
make -C microblaze_0/libsrc/bram_v4_3/src -s include  "SHELL=/bin/sh" "COMPILER=mb-gcc" "ARCHIVER=mb-ar" "COMPILER_FLAGS=  -O2 -c -mcpu=v11.0 -mlittle-endian -mxl-soft-mul" "EXTRA_COMPILER_FLAGS=-ffunction-sections -fdata-sections -Wall -Wextra"
Running Make include in microblaze_0/libsrc/cpu_v2_9/src
make -C microblaze_0/libsrc/cpu_v2_9/src -s include  "SHELL=/bin/sh" "COMPILER=mb-gcc" "ARCHIVER=mb-ar" "COMPILER_FLAGS=  -O2 -c -mcpu=v11.0 -mlittle-endian -mxl-soft-mul" "EXTRA_COMPILER_FLAGS=-ffunction-sections -fdata-sections -Wall -Wextra"
Running Make include in microblaze_0/libsrc/ecemptcamip_v1_0/src
make -C microblaze_0/libsrc/ecemptcamip_v1_0/src -s include  "SHELL=/bin/sh" "COMPILER=mb-gcc" "ARCHIVER=mb-ar" "COMPILER_FLAGS=  -O2 -c -mcpu=v11.0 -mlittle-endian -mxl-soft-mul" "EXTRA_COMPILER_FLAGS=-ffunction-sections -fdata-sections -Wall -Wextra"
Running Make include in microblaze_0/libsrc/emaclite_v4_4/src
make -C microblaze_0/libsrc/emaclite_v4_4/src -s include  "SHELL=/bin/sh" "COMPILER=mb-gcc" "ARCHIVER=mb-ar" "COMPILER_FLAGS=  -O2 -c -mcpu=v11.0 -mlittle-endian -mxl-soft-mul" "EXTRA_COMPILER_FLAGS=-ffunction-sections -fdata-sections -Wall -Wextra"
Running Make include in microblaze_0/libsrc/intc_v3_9/src
make -C microblaze_0/libsrc/intc_v3_9/src -s include  "SHELL=/bin/sh" "COMPILER=mb-gcc" "ARCHIVER=mb-ar" "COMPILER_FLAGS=  -O2 -c -mcpu=v11.0 -mlittle-endian -mxl-soft-mul" "EXTRA_COMPILER_FLAGS=-ffunction-sections -fdata-sections -Wall -Wextra"
Running Make include in microblaze_0/libsrc/standalone_v7_0/src
make -C microblaze_0/libsrc/standalone_v7_0/src -s include  "SHELL=/bin/sh" "COMPILER=mb-gcc" "ARCHIVER=mb-ar" "COMPILER_FLAGS=  -O2 -c -mcpu=v11.0 -mlittle-endian -mxl-soft-mul" "EXTRA_COMPILER_FLAGS=-ffunction-sections -fdata-sections -Wall -Wextra"
Running Make include in microblaze_0/libsrc/tmrctr_v4_5/src
make -C microblaze_0/libsrc/tmrctr_v4_5/src -s include  "SHELL=/bin/sh" "COMPILER=mb-gcc" "ARCHIVER=mb-ar" "COMPILER_FLAGS=  -O2 -c -mcpu=v11.0 -mlittle-endian -mxl-soft-mul" "EXTRA_COMPILER_FLAGS=-ffunction-sections -fdata-sections -Wall -Wextra"
Running Make include in microblaze_0/libsrc/uartlite_v3_2/src
make -C microblaze_0/libsrc/uartlite_v3_2/src -s include  "SHELL=/bin/sh" "COMPILER=mb-gcc" "ARCHIVER=mb-ar" "COMPILER_FLAGS=  -O2 -c -mcpu=v11.0 -mlittle-endian -mxl-soft-mul" "EXTRA_COMPILER_FLAGS=-ffunction-sections -fdata-sections -Wall -Wextra"
Running Make libs in microblaze_0/libsrc/bram_v4_3/src
make -C microblaze_0/libsrc/bram_v4_3/src -s libs  "SHELL=/bin/sh" "COMPILER=mb-gcc" "ARCHIVER=mb-ar" "COMPILER_FLAGS=  -O2 -c -mcpu=v11.0 -mlittle-endian -mxl-soft-mul" "EXTRA_COMPILER_FLAGS=-ffunction-sections -fdata-sections -Wall -Wextra"
Compiling bram
mb-ar: creating ../../../lib/libxil.a
Running Make libs in microblaze_0/libsrc/cpu_v2_9/src
make -C microblaze_0/libsrc/cpu_v2_9/src -s libs  "SHELL=/bin/sh" "COMPILER=mb-gcc" "ARCHIVER=mb-ar" "COMPILER_FLAGS=  -O2 -c -mcpu=v11.0 -mlittle-endian -mxl-soft-mul" "EXTRA_COMPILER_FLAGS=-ffunction-sections -fdata-sections -Wall -Wextra"
Compiling cpu
Running Make libs in microblaze_0/libsrc/ecemptcamip_v1_0/src
make -C microblaze_0/libsrc/ecemptcamip_v1_0/src -s libs  "SHELL=/bin/sh" "COMPILER=mb-gcc" "ARCHIVER=mb-ar" "COMPILER_FLAGS=  -O2 -c -mcpu=v11.0 -mlittle-endian -mxl-soft-mul" "EXTRA_COMPILER_FLAGS=-ffunction-sections -fdata-sections -Wall -Wextra"
Compiling ecemptcamip...
ecemptcamip_selftest.c: In function 'ECEMPTCAMIP_Reg_SelfTest':
ecemptcamip_selftest.c:52:60: warning: comparison of integer expressions of different signedness: 'u32' {aka 'long unsigned int'} and 'int' [-Wsign-compare]
    if ( ECEMPTCAMIP_mReadReg (baseaddr, read_loop_index*4) != (read_loop_index+1)*READ_WRITE_MUL_FACTOR){
                                                            ^~
ecemptcamip_selftest.c:36:6: warning: unused variable 'Index' [-Wunused-variable]
  int Index;
      ^~~~~
Running Make libs in microblaze_0/libsrc/emaclite_v4_4/src
make -C microblaze_0/libsrc/emaclite_v4_4/src -s libs  "SHELL=/bin/sh" "COMPILER=mb-gcc" "ARCHIVER=mb-ar" "COMPILER_FLAGS=  -O2 -c -mcpu=v11.0 -mlittle-endian -mxl-soft-mul" "EXTRA_COMPILER_FLAGS=-ffunction-sections -fdata-sections -Wall -Wextra"
Compiling emaclite
Running Make libs in microblaze_0/libsrc/intc_v3_9/src
make -C microblaze_0/libsrc/intc_v3_9/src -s libs  "SHELL=/bin/sh" "COMPILER=mb-gcc" "ARCHIVER=mb-ar" "COMPILER_FLAGS=  -O2 -c -mcpu=v11.0 -mlittle-endian -mxl-soft-mul" "EXTRA_COMPILER_FLAGS=-ffunction-sections -fdata-sections -Wall -Wextra"
Compiling intc
Running Make libs in microblaze_0/libsrc/standalone_v7_0/src
make -C microblaze_0/libsrc/standalone_v7_0/src -s libs  "SHELL=/bin/sh" "COMPILER=mb-gcc" "ARCHIVER=mb-ar" "COMPILER_FLAGS=  -O2 -c -mcpu=v11.0 -mlittle-endian -mxl-soft-mul" "EXTRA_COMPILER_FLAGS=-ffunction-sections -fdata-sections -Wall -Wextra"
Compiling standalone
microblaze_sleep.c:77:9: note: #pragma message: For the sleep routines, assembly instructions are used
 #pragma message ("For the sleep routines, assembly instructions are used")
         ^~~~~~~
Running Make libs in microblaze_0/libsrc/tmrctr_v4_5/src
make -C microblaze_0/libsrc/tmrctr_v4_5/src -s libs  "SHELL=/bin/sh" "COMPILER=mb-gcc" "ARCHIVER=mb-ar" "COMPILER_FLAGS=  -O2 -c -mcpu=v11.0 -mlittle-endian -mxl-soft-mul" "EXTRA_COMPILER_FLAGS=-ffunction-sections -fdata-sections -Wall -Wextra"
Compiling tmrctr
Running Make libs in microblaze_0/libsrc/uartlite_v3_2/src
make -C microblaze_0/libsrc/uartlite_v3_2/src -s libs  "SHELL=/bin/sh" "COMPILER=mb-gcc" "ARCHIVER=mb-ar" "COMPILER_FLAGS=  -O2 -c -mcpu=v11.0 -mlittle-endian -mxl-soft-mul" "EXTRA_COMPILER_FLAGS=-ffunction-sections -fdata-sections -Wall -Wextra"
Compiling uartlite
Finished building libraries
13:27:17 **** Build of configuration Debug for project recvuartmp ****
make all 
Building file: ../src/helloworld.c
Invoking: MicroBlaze gcc compiler
mb-gcc -Wall -O0 -g3 -c -fmessage-length=0 -MT"src/helloworld.o" -I../../recvuartmp_bsp/microblaze_0/include -mlittle-endian -mcpu=v11.0 -mxl-soft-mul -Wl,--no-relax -ffunction-sections -fdata-sections -MMD -MP -MF"src/helloworld.d" -MT"src/helloworld.o" -o "src/helloworld.o" "../src/helloworld.c"
Finished building: ../src/helloworld.c
 
Building file: ../src/platform.c
Invoking: MicroBlaze gcc compiler
mb-gcc -Wall -O0 -g3 -c -fmessage-length=0 -MT"src/platform.o" -I../../recvuartmp_bsp/microblaze_0/include -mlittle-endian -mcpu=v11.0 -mxl-soft-mul -Wl,--no-relax -ffunction-sections -fdata-sections -MMD -MP -MF"src/platform.d" -MT"src/platform.o" -o "src/platform.o" "../src/platform.c"
Finished building: ../src/platform.c
 
Building target: recvuartmp.elf
Invoking: MicroBlaze gcc linker
mb-gcc -Wl,-T -Wl,../src/lscript.ld -L../../recvuartmp_bsp/microblaze_0/lib -mlittle-endian -mcpu=v11.0 -mxl-soft-mul -Wl,--no-relax -Wl,--gc-sections -o "recvuartmp.elf" ./src/helloworld.o ./src/platform.o   -Wl,--start-group,-lxil,-lgcc,-lc,--end-group
Finished building target: recvuartmp.elf
 
Invoking: MicroBlaze Print Size
mb-size recvuartmp.elf  |tee "recvuartmp.elf.size"
   text	   data	    bss	    dec	    hex	filename
   3180	    328	   3108	   6616	   19d8	recvuartmp.elf
Finished building: recvuartmp.elf.size
 
13:27:27 **** Auto Build of configuration Debug for project recvuartmp ****
make all 
Building file: ../src/helloworld.c
Invoking: MicroBlaze gcc compiler
mb-gcc -Wall -O0 -g3 -c -fmessage-length=0 -MT"src/helloworld.o" -I../../recvuartmp_bsp/microblaze_0/include -mlittle-endian -mcpu=v11.0 -mxl-soft-mul -Wl,--no-relax -ffunction-sections -fdata-sections -MMD -MP -MF"src/helloworld.d" -MT"src/helloworld.o" -o "src/helloworld.o" "../src/helloworld.c"
Finished building: ../src/helloworld.c
 
Building target: recvuartmp.elf
Invoking: MicroBlaze gcc linker
mb-gcc -Wl,-T -Wl,../src/lscript.ld -L../../recvuartmp_bsp/microblaze_0/lib -mlittle-endian -mcpu=v11.0 -mxl-soft-mul -Wl,--no-relax -Wl,--gc-sections -o "recvuartmp.elf" ./src/helloworld.o ./src/platform.o   -Wl,--start-group,-lxil,-lgcc,-lc,--end-group
Finished building target: recvuartmp.elf
 
Invoking: MicroBlaze Print Size
mb-size recvuartmp.elf  |tee "recvuartmp.elf.size"
   text	   data	    bss	    dec	    hex	filename
  12372	    712	   4956	  18040	   4678	recvuartmp.elf
Finished building: recvuartmp.elf.size
 
13:35:01 **** Auto Build of configuration Debug for project recvuartmp ****
make all 
Building file: ../src/helloworld.c
Invoking: MicroBlaze gcc compiler
mb-gcc -Wall -O0 -g3 -c -fmessage-length=0 -MT"src/helloworld.o" -I../../recvuartmp_bsp/microblaze_0/include -mlittle-endian -mcpu=v11.0 -mxl-soft-mul -Wl,--no-relax -ffunction-sections -fdata-sections -MMD -MP -MF"src/helloworld.d" -MT"src/helloworld.o" -o "src/helloworld.o" "../src/helloworld.c"
../src/helloworld.c: In function 'RecvHandler':
../src/helloworld.c:100:28: warning: left-hand operand of comma expression has no effect [-Wunused-value]
  if(EventData==1)("Char %x", ReceiveBuffer[0])
                            ^
../src/helloworld.c:100:28: warning: statement with no effect [-Wunused-value]
  if(EventData==1)("Char %x", ReceiveBuffer[0])
                  ~~~~~~~~~~^~~~~~~~~~~~~~~~~~~
../src/helloworld.c:100:47: error: expected ';' before 'FrameCaptured'
  if(EventData==1)("Char %x", ReceiveBuffer[0])
                                               ^
                                               ;
  FrameCaptured=1;
  ~~~~~~~~~~~~~                                 
make: *** [src/subdir.mk:26: src/helloworld.o] Error 1
13:35:09 **** Auto Build of configuration Debug for project recvuartmp ****
make all 
Building file: ../src/helloworld.c
Invoking: MicroBlaze gcc compiler
mb-gcc -Wall -O0 -g3 -c -fmessage-length=0 -MT"src/helloworld.o" -I../../recvuartmp_bsp/microblaze_0/include -mlittle-endian -mcpu=v11.0 -mxl-soft-mul -Wl,--no-relax -ffunction-sections -fdata-sections -MMD -MP -MF"src/helloworld.d" -MT"src/helloworld.o" -o "src/helloworld.o" "../src/helloworld.c"
../src/helloworld.c: In function 'RecvHandler':
../src/helloworld.c:100:28: warning: left-hand operand of comma expression has no effect [-Wunused-value]
  if(EventData==1)("Char %x", ReceiveBuffer[0]);
                            ^
../src/helloworld.c:100:28: warning: statement with no effect [-Wunused-value]
  if(EventData==1)("Char %x", ReceiveBuffer[0]);
                  ~~~~~~~~~~^~~~~~~~~~~~~~~~~~~
Finished building: ../src/helloworld.c
 
Building target: recvuartmp.elf
Invoking: MicroBlaze gcc linker
mb-gcc -Wl,-T -Wl,../src/lscript.ld -L../../recvuartmp_bsp/microblaze_0/lib -mlittle-endian -mcpu=v11.0 -mxl-soft-mul -Wl,--no-relax -Wl,--gc-sections -o "recvuartmp.elf" ./src/helloworld.o ./src/platform.o   -Wl,--start-group,-lxil,-lgcc,-lc,--end-group
Finished building target: recvuartmp.elf
 
Invoking: MicroBlaze Print Size
mb-size recvuartmp.elf  |tee "recvuartmp.elf.size"
   text	   data	    bss	    dec	    hex	filename
  12364	    712	   4956	  18032	   4670	recvuartmp.elf
Finished building: recvuartmp.elf.size
 
13:35:54 **** Auto Build of configuration Debug for project recvuartmp ****
make all 
Building file: ../src/helloworld.c
Invoking: MicroBlaze gcc compiler
mb-gcc -Wall -O0 -g3 -c -fmessage-length=0 -MT"src/helloworld.o" -I../../recvuartmp_bsp/microblaze_0/include -mlittle-endian -mcpu=v11.0 -mxl-soft-mul -Wl,--no-relax -ffunction-sections -fdata-sections -MMD -MP -MF"src/helloworld.d" -MT"src/helloworld.o" -o "src/helloworld.o" "../src/helloworld.c"
Finished building: ../src/helloworld.c
 
Building target: recvuartmp.elf
Invoking: MicroBlaze gcc linker
mb-gcc -Wl,-T -Wl,../src/lscript.ld -L../../recvuartmp_bsp/microblaze_0/lib -mlittle-endian -mcpu=v11.0 -mxl-soft-mul -Wl,--no-relax -Wl,--gc-sections -o "recvuartmp.elf" ./src/helloworld.o ./src/platform.o   -Wl,--start-group,-lxil,-lgcc,-lc,--end-group
Finished building target: recvuartmp.elf
 
Invoking: MicroBlaze Print Size
mb-size recvuartmp.elf  |tee "recvuartmp.elf.size"
   text	   data	    bss	    dec	    hex	filename
  12416	    712	   4952	  18080	   46a0	recvuartmp.elf
Finished building: recvuartmp.elf.size
 
13:36:07 **** Incremental Build of configuration Debug for project recvuartmp ****
make all 
make: Nothing to be done for 'all'.
13:48:39 **** Auto Build of configuration Debug for project recvuartmp ****
make all 
Building file: ../src/helloworld.c
Invoking: MicroBlaze gcc compiler
mb-gcc -Wall -O0 -g3 -c -fmessage-length=0 -MT"src/helloworld.o" -I../../recvuartmp_bsp/microblaze_0/include -mlittle-endian -mcpu=v11.0 -mxl-soft-mul -Wl,--no-relax -ffunction-sections -fdata-sections -MMD -MP -MF"src/helloworld.d" -MT"src/helloworld.o" -o "src/helloworld.o" "../src/helloworld.c"
../src/helloworld.c: In function 'RecvHandler':
../src/helloworld.c:103:14: warning: implicit declaration of function 'XUartLite_RecvByte'; did you mean 'XUartLite_Recv'? [-Wimplicit-function-declaration]
    u8 Data = XUartLite_RecvByte(UartLitePtr->RegBaseAddress);
              ^~~~~~~~~~~~~~~~~~
              XUartLite_Recv
../src/helloworld.c:103:7: warning: unused variable 'Data' [-Wunused-variable]
    u8 Data = XUartLite_RecvByte(UartLitePtr->RegBaseAddress);
       ^~~~
Finished building: ../src/helloworld.c
 
Building target: recvuartmp.elf
Invoking: MicroBlaze gcc linker
mb-gcc -Wl,-T -Wl,../src/lscript.ld -L../../recvuartmp_bsp/microblaze_0/lib -mlittle-endian -mcpu=v11.0 -mxl-soft-mul -Wl,--no-relax -Wl,--gc-sections -o "recvuartmp.elf" ./src/helloworld.o ./src/platform.o   -Wl,--start-group,-lxil,-lgcc,-lc,--end-group
Finished building target: recvuartmp.elf
 
Invoking: MicroBlaze Print Size
mb-size recvuartmp.elf  |tee "recvuartmp.elf.size"
   text	   data	    bss	    dec	    hex	filename
  12612	    712	   6452	  19776	   4d40	recvuartmp.elf
Finished building: recvuartmp.elf.size
 
13:48:45 **** Incremental Build of configuration Debug for project recvuartmp ****
make all 
make: Nothing to be done for 'all'.
13:49:15 **** Auto Build of configuration Debug for project recvuartmp ****
make all 
Building file: ../src/helloworld.c
Invoking: MicroBlaze gcc compiler
mb-gcc -Wall -O0 -g3 -c -fmessage-length=0 -MT"src/helloworld.o" -I../../recvuartmp_bsp/microblaze_0/include -mlittle-endian -mcpu=v11.0 -mxl-soft-mul -Wl,--no-relax -ffunction-sections -fdata-sections -MMD -MP -MF"src/helloworld.d" -MT"src/helloworld.o" -o "src/helloworld.o" "../src/helloworld.c"
../src/helloworld.c: In function 'RecvHandler':
../src/helloworld.c:103:4: error: variable-sized object may not be initialized
    u8 FrameCaptured[i] = XUartLite_RecvByte(UartLitePtr->RegBaseAddress);
    ^~
../src/helloworld.c:103:26: warning: implicit declaration of function 'XUartLite_RecvByte'; did you mean 'XUartLite_Recv'? [-Wimplicit-function-declaration]
    u8 FrameCaptured[i] = XUartLite_RecvByte(UartLitePtr->RegBaseAddress);
                          ^~~~~~~~~~~~~~~~~~
                          XUartLite_Recv
../src/helloworld.c:103:7: warning: unused variable 'FrameCaptured' [-Wunused-variable]
    u8 FrameCaptured[i] = XUartLite_RecvByte(UartLitePtr->RegBaseAddress);
       ^~~~~~~~~~~~~
make: *** [src/subdir.mk:26: src/helloworld.o] Error 1
13:49:26 **** Auto Build of configuration Debug for project recvuartmp ****
make all 
Building file: ../src/helloworld.c
Invoking: MicroBlaze gcc compiler
mb-gcc -Wall -O0 -g3 -c -fmessage-length=0 -MT"src/helloworld.o" -I../../recvuartmp_bsp/microblaze_0/include -mlittle-endian -mcpu=v11.0 -mxl-soft-mul -Wl,--no-relax -ffunction-sections -fdata-sections -MMD -MP -MF"src/helloworld.d" -MT"src/helloworld.o" -o "src/helloworld.o" "../src/helloworld.c"
../src/helloworld.c: In function 'RecvHandler':
../src/helloworld.c:103:17: error: subscripted value is neither array nor pointer nor vector
    FrameCaptured[i] = XUartLite_RecvByte(UartLitePtr->RegBaseAddress);
                 ^
../src/helloworld.c:103:23: warning: implicit declaration of function 'XUartLite_RecvByte'; did you mean 'XUartLite_Recv'? [-Wimplicit-function-declaration]
    FrameCaptured[i] = XUartLite_RecvByte(UartLitePtr->RegBaseAddress);
                       ^~~~~~~~~~~~~~~~~~
                       XUartLite_Recv
make: *** [src/subdir.mk:26: src/helloworld.o] Error 1
13:49:50 **** Auto Build of configuration Debug for project recvuartmp ****
make all 
Building file: ../src/helloworld.c
Invoking: MicroBlaze gcc compiler
mb-gcc -Wall -O0 -g3 -c -fmessage-length=0 -MT"src/helloworld.o" -I../../recvuartmp_bsp/microblaze_0/include -mlittle-endian -mcpu=v11.0 -mxl-soft-mul -Wl,--no-relax -ffunction-sections -fdata-sections -MMD -MP -MF"src/helloworld.d" -MT"src/helloworld.o" -o "src/helloworld.o" "../src/helloworld.c"
../src/helloworld.c: In function 'RecvHandler':
../src/helloworld.c:103:21: warning: implicit declaration of function 'XUartLite_RecvByte'; did you mean 'XUartLite_Recv'? [-Wimplicit-function-declaration]
    FrameBuffer[i] = XUartLite_RecvByte(UartLitePtr->RegBaseAddress);
                     ^~~~~~~~~~~~~~~~~~
                     XUartLite_Recv
Finished building: ../src/helloworld.c
 
Building target: recvuartmp.elf
Invoking: MicroBlaze gcc linker
mb-gcc -Wl,-T -Wl,../src/lscript.ld -L../../recvuartmp_bsp/microblaze_0/lib -mlittle-endian -mcpu=v11.0 -mxl-soft-mul -Wl,--no-relax -Wl,--gc-sections -o "recvuartmp.elf" ./src/helloworld.o ./src/platform.o   -Wl,--start-group,-lxil,-lgcc,-lc,--end-group
Finished building target: recvuartmp.elf
 
Invoking: MicroBlaze Print Size
mb-size recvuartmp.elf  |tee "recvuartmp.elf.size"
   text	   data	    bss	    dec	    hex	filename
  12648	    712	   6448	  19808	   4d60	recvuartmp.elf
Finished building: recvuartmp.elf.size
 
13:50:13 **** Incremental Build of configuration Debug for project recvuartmp ****
make all 
make: Nothing to be done for 'all'.
13:51:43 **** Auto Build of configuration Debug for project recvuartmp ****
make all 
Building file: ../src/helloworld.c
Invoking: MicroBlaze gcc compiler
mb-gcc -Wall -O0 -g3 -c -fmessage-length=0 -MT"src/helloworld.o" -I../../recvuartmp_bsp/microblaze_0/include -mlittle-endian -mcpu=v11.0 -mxl-soft-mul -Wl,--no-relax -ffunction-sections -fdata-sections -MMD -MP -MF"src/helloworld.d" -MT"src/helloworld.o" -o "src/helloworld.o" "../src/helloworld.c"
../src/helloworld.c: In function 'RecvHandler':
../src/helloworld.c:103:4: error: variable-sized object may not be initialized
    u8 FrameCaptured[i] = XUartLite_RecvByte(UartLitePtr->RegBaseAddress);
    ^~
../src/helloworld.c:103:26: warning: implicit declaration of function 'XUartLite_RecvByte'; did you mean 'XUartLite_Recv'? [-Wimplicit-function-declaration]
    u8 FrameCaptured[i] = XUartLite_RecvByte(UartLitePtr->RegBaseAddress);
                          ^~~~~~~~~~~~~~~~~~
                          XUartLite_Recv
../src/helloworld.c:103:7: warning: unused variable 'FrameCaptured' [-Wunused-variable]
    u8 FrameCaptured[i] = XUartLite_RecvByte(UartLitePtr->RegBaseAddress);
       ^~~~~~~~~~~~~
make: *** [src/subdir.mk:26: src/helloworld.o] Error 1
13:52:07 **** Auto Build of configuration Debug for project recvuartmp ****
make all 
Building file: ../src/helloworld.c
Invoking: MicroBlaze gcc compiler
mb-gcc -Wall -O0 -g3 -c -fmessage-length=0 -MT"src/helloworld.o" -I../../recvuartmp_bsp/microblaze_0/include -mlittle-endian -mcpu=v11.0 -mxl-soft-mul -Wl,--no-relax -ffunction-sections -fdata-sections -MMD -MP -MF"src/helloworld.d" -MT"src/helloworld.o" -o "src/helloworld.o" "../src/helloworld.c"
../src/helloworld.c: In function 'RecvHandler':
../src/helloworld.c:103:21: warning: implicit declaration of function 'XUartLite_RecvByte'; did you mean 'XUartLite_Recv'? [-Wimplicit-function-declaration]
    FrameBuffer[i] = XUartLite_RecvByte(UartLitePtr->RegBaseAddress);
                     ^~~~~~~~~~~~~~~~~~
                     XUartLite_Recv
Finished building: ../src/helloworld.c
 
Building target: recvuartmp.elf
Invoking: MicroBlaze gcc linker
mb-gcc -Wl,-T -Wl,../src/lscript.ld -L../../recvuartmp_bsp/microblaze_0/lib -mlittle-endian -mcpu=v11.0 -mxl-soft-mul -Wl,--no-relax -Wl,--gc-sections -o "recvuartmp.elf" ./src/helloworld.o ./src/platform.o   -Wl,--start-group,-lxil,-lgcc,-lc,--end-group
Finished building target: recvuartmp.elf
 
Invoking: MicroBlaze Print Size
mb-size recvuartmp.elf  |tee "recvuartmp.elf.size"
   text	   data	    bss	    dec	    hex	filename
  12688	    712	   6448	  19848	   4d88	recvuartmp.elf
Finished building: recvuartmp.elf.size
 
13:52:11 **** Incremental Build of configuration Debug for project recvuartmp ****
make all 
make: Nothing to be done for 'all'.
13:55:29 **** Auto Build of configuration Debug for project recvuartmp ****
make all 
Building file: ../src/helloworld.c
Invoking: MicroBlaze gcc compiler
mb-gcc -Wall -O0 -g3 -c -fmessage-length=0 -MT"src/helloworld.o" -I../../recvuartmp_bsp/microblaze_0/include -mlittle-endian -mcpu=v11.0 -mxl-soft-mul -Wl,--no-relax -ffunction-sections -fdata-sections -MMD -MP -MF"src/helloworld.d" -MT"src/helloworld.o" -o "src/helloworld.o" "../src/helloworld.c"
../src/helloworld.c: In function 'RecvHandler':
../src/helloworld.c:103:21: warning: implicit declaration of function 'XUartLite_RecvByte'; did you mean 'XUartLite_Recv'? [-Wimplicit-function-declaration]
    FrameBuffer[i] = XUartLite_RecvByte(UartLitePtr->RegBaseAddress);
                     ^~~~~~~~~~~~~~~~~~
                     XUartLite_Recv
Finished building: ../src/helloworld.c
 
Building target: recvuartmp.elf
Invoking: MicroBlaze gcc linker
mb-gcc -Wl,-T -Wl,../src/lscript.ld -L../../recvuartmp_bsp/microblaze_0/lib -mlittle-endian -mcpu=v11.0 -mxl-soft-mul -Wl,--no-relax -Wl,--gc-sections -o "recvuartmp.elf" ./src/helloworld.o ./src/platform.o   -Wl,--start-group,-lxil,-lgcc,-lc,--end-group
Finished building target: recvuartmp.elf
 
Invoking: MicroBlaze Print Size
mb-size recvuartmp.elf  |tee "recvuartmp.elf.size"
   text	   data	    bss	    dec	    hex	filename
  12688	    712	   6448	  19848	   4d88	recvuartmp.elf
Finished building: recvuartmp.elf.size
 
14:03:11 **** Incremental Build of configuration Debug for project echo_server ****
make all 
make: Nothing to be done for 'all'.
14:04:09 **** Incremental Build of configuration Debug for project test ****
make all 
make: Nothing to be done for 'all'.
14:04:42 **** Incremental Build of configuration Debug for project test ****
make all 
make: Nothing to be done for 'all'.
14:07:49 **** Auto Build of configuration Debug for project recvuartmp ****
make all 
Building file: ../src/helloworld.c
Invoking: MicroBlaze gcc compiler
mb-gcc -Wall -O0 -g3 -c -fmessage-length=0 -MT"src/helloworld.o" -I../../recvuartmp_bsp/microblaze_0/include -mlittle-endian -mcpu=v11.0 -mxl-soft-mul -Wl,--no-relax -ffunction-sections -fdata-sections -MMD -MP -MF"src/helloworld.d" -MT"src/helloworld.o" -o "src/helloworld.o" "../src/helloworld.c"
../src/helloworld.c: In function 'RecvHandler':
../src/helloworld.c:102:3: error: 'frameLength' undeclared (first use in this function); did you mean 'FrameLength'?
   frameLength = *(u16)(&ReceiveBuffer[TEST_BUFFER_SIZE-2])
   ^~~~~~~~~~~
   FrameLength
../src/helloworld.c:102:3: note: each undeclared identifier is reported only once for each function it appears in
../src/helloworld.c:102:18: warning: cast from pointer to integer of different size [-Wpointer-to-int-cast]
   frameLength = *(u16)(&ReceiveBuffer[TEST_BUFFER_SIZE-2])
                  ^
../src/helloworld.c:102:17: error: invalid type argument of unary '*' (have 'int')
   frameLength = *(u16)(&ReceiveBuffer[TEST_BUFFER_SIZE-2])
                 ^~~~~~~~~~~~~~~~~~~~~~~~~~~~~~~~~~~~~~~~~~
../src/helloworld.c:102:59: error: expected ';' before 'memcpy'
   frameLength = *(u16)(&ReceiveBuffer[TEST_BUFFER_SIZE-2])
                                                           ^
                                                           ;
   memcpy(FrameBuffer, ReceiveBuffer, frameLength);
   ~~~~~~                                                   
../src/helloworld.c:100:14: warning: unused variable 'UartLitePtr' [-Wunused-variable]
   XUartLite *UartLitePtr = (XUartLite *)CallBackRef;
              ^~~~~~~~~~~
make: *** [src/subdir.mk:26: src/helloworld.o] Error 1
14:09:35 **** Auto Build of configuration Debug for project recvuartmp ****
make all 
Building file: ../src/helloworld.c
Invoking: MicroBlaze gcc compiler
mb-gcc -Wall -O0 -g3 -c -fmessage-length=0 -MT"src/helloworld.o" -I../../recvuartmp_bsp/microblaze_0/include -mlittle-endian -mcpu=v11.0 -mxl-soft-mul -Wl,--no-relax -ffunction-sections -fdata-sections -MMD -MP -MF"src/helloworld.d" -MT"src/helloworld.o" -o "src/helloworld.o" "../src/helloworld.c"
../src/helloworld.c: In function 'RecvHandler':
../src/helloworld.c:102:3: error: 'frameLength' undeclared (first use in this function); did you mean 'FrameLength'?
   frameLength = ((u16)ReceiveBuffer[TEST_BUFFER_SIZE - 2] << 8) | ReceiveBuffer[TEST_BUFFER_SIZE - 1];
   ^~~~~~~~~~~
   FrameLength
../src/helloworld.c:102:3: note: each undeclared identifier is reported only once for each function it appears in
../src/helloworld.c:100:14: warning: unused variable 'UartLitePtr' [-Wunused-variable]
   XUartLite *UartLitePtr = (XUartLite *)CallBackRef;
              ^~~~~~~~~~~
make: *** [src/subdir.mk:26: src/helloworld.o] Error 1
14:09:41 **** Auto Build of configuration Debug for project recvuartmp ****
make all 
Building file: ../src/helloworld.c
Invoking: MicroBlaze gcc compiler
mb-gcc -Wall -O0 -g3 -c -fmessage-length=0 -MT"src/helloworld.o" -I../../recvuartmp_bsp/microblaze_0/include -mlittle-endian -mcpu=v11.0 -mxl-soft-mul -Wl,--no-relax -ffunction-sections -fdata-sections -MMD -MP -MF"src/helloworld.d" -MT"src/helloworld.o" -o "src/helloworld.o" "../src/helloworld.c"
../src/helloworld.c: In function 'RecvHandler':
../src/helloworld.c:103:38: error: 'frameLength' undeclared (first use in this function); did you mean 'FrameLength'?
   memcpy(FrameBuffer, ReceiveBuffer, frameLength);
                                      ^~~~~~~~~~~
                                      FrameLength
../src/helloworld.c:103:38: note: each undeclared identifier is reported only once for each function it appears in
../src/helloworld.c:100:14: warning: unused variable 'UartLitePtr' [-Wunused-variable]
   XUartLite *UartLitePtr = (XUartLite *)CallBackRef;
              ^~~~~~~~~~~
make: *** [src/subdir.mk:26: src/helloworld.o] Error 1
14:09:57 **** Auto Build of configuration Debug for project recvuartmp ****
make all 
Building file: ../src/helloworld.c
Invoking: MicroBlaze gcc compiler
mb-gcc -Wall -O0 -g3 -c -fmessage-length=0 -MT"src/helloworld.o" -I../../recvuartmp_bsp/microblaze_0/include -mlittle-endian -mcpu=v11.0 -mxl-soft-mul -Wl,--no-relax -ffunction-sections -fdata-sections -MMD -MP -MF"src/helloworld.d" -MT"src/helloworld.o" -o "src/helloworld.o" "../src/helloworld.c"
../src/helloworld.c: In function 'RecvHandler':
../src/helloworld.c:100:14: warning: unused variable 'UartLitePtr' [-Wunused-variable]
   XUartLite *UartLitePtr = (XUartLite *)CallBackRef;
              ^~~~~~~~~~~
Finished building: ../src/helloworld.c
 
Building target: recvuartmp.elf
Invoking: MicroBlaze gcc linker
mb-gcc -Wl,-T -Wl,../src/lscript.ld -L../../recvuartmp_bsp/microblaze_0/lib -mlittle-endian -mcpu=v11.0 -mxl-soft-mul -Wl,--no-relax -Wl,--gc-sections -o "recvuartmp.elf" ./src/helloworld.o ./src/platform.o   -Wl,--start-group,-lxil,-lgcc,-lc,--end-group
Finished building target: recvuartmp.elf
 
Invoking: MicroBlaze Print Size
mb-size recvuartmp.elf  |tee "recvuartmp.elf.size"
   text	   data	    bss	    dec	    hex	filename
  13184	    712	   6448	  20344	   4f78	recvuartmp.elf
Finished building: recvuartmp.elf.size
 
14:10:09 **** Auto Build of configuration Debug for project recvuartmp ****
make all 
Building file: ../src/helloworld.c
Invoking: MicroBlaze gcc compiler
mb-gcc -Wall -O0 -g3 -c -fmessage-length=0 -MT"src/helloworld.o" -I../../recvuartmp_bsp/microblaze_0/include -mlittle-endian -mcpu=v11.0 -mxl-soft-mul -Wl,--no-relax -ffunction-sections -fdata-sections -MMD -MP -MF"src/helloworld.d" -MT"src/helloworld.o" -o "src/helloworld.o" "../src/helloworld.c"
Finished building: ../src/helloworld.c
 
Building target: recvuartmp.elf
Invoking: MicroBlaze gcc linker
mb-gcc -Wl,-T -Wl,../src/lscript.ld -L../../recvuartmp_bsp/microblaze_0/lib -mlittle-endian -mcpu=v11.0 -mxl-soft-mul -Wl,--no-relax -Wl,--gc-sections -o "recvuartmp.elf" ./src/helloworld.o ./src/platform.o   -Wl,--start-group,-lxil,-lgcc,-lc,--end-group
Finished building target: recvuartmp.elf
 
Invoking: MicroBlaze Print Size
mb-size recvuartmp.elf  |tee "recvuartmp.elf.size"
   text	   data	    bss	    dec	    hex	filename
  13176	    712	   6448	  20336	   4f70	recvuartmp.elf
Finished building: recvuartmp.elf.size
 
14:10:15 **** Incremental Build of configuration Debug for project test ****
make all 
make: Nothing to be done for 'all'.
14:12:16 **** Auto Build of configuration Debug for project recvuartmp ****
make all 
Building file: ../src/helloworld.c
Invoking: MicroBlaze gcc compiler
mb-gcc -Wall -O0 -g3 -c -fmessage-length=0 -MT"src/helloworld.o" -I../../recvuartmp_bsp/microblaze_0/include -mlittle-endian -mcpu=v11.0 -mxl-soft-mul -Wl,--no-relax -ffunction-sections -fdata-sections -MMD -MP -MF"src/helloworld.d" -MT"src/helloworld.o" -o "src/helloworld.o" "../src/helloworld.c"
../src/helloworld.c: In function 'RecvHandler':
../src/helloworld.c:102:3: error: 'frameLength' undeclared (first use in this function); did you mean 'FrameLength'?
   frameLength = ((u16)ReceiveBuffer[TEST_BUFFER_SIZE - 2] << 8) | ReceiveBuffer[TEST_BUFFER_SIZE - 1];
   ^~~~~~~~~~~
   FrameLength
../src/helloworld.c:102:3: note: each undeclared identifier is reported only once for each function it appears in
../src/helloworld.c:100:14: warning: unused variable 'UartLitePtr' [-Wunused-variable]
   XUartLite *UartLitePtr = (XUartLite *)CallBackRef;
              ^~~~~~~~~~~
make: *** [src/subdir.mk:26: src/helloworld.o] Error 1
[...]
Finished building target: recvuartmp.elf
 
Invoking: MicroBlaze Print Size
mb-size recvuartmp.elf  |tee "recvuartmp.elf.size"
   text	   data	    bss	    dec	    hex	filename
  13120	    712	   6448	  20280	   4f38	recvuartmp.elf
Finished building: recvuartmp.elf.size
 
14:19:40 **** Auto Build of configuration Debug for project recvuartmp ****
make all 
Building file: ../src/helloworld.c
Invoking: MicroBlaze gcc compiler
mb-gcc -Wall -O0 -g3 -c -fmessage-length=0 -MT"src/helloworld.o" -I../../recvuartmp_bsp/microblaze_0/include -mlittle-endian -mcpu=v11.0 -mxl-soft-mul -Wl,--no-relax -ffunction-sections -fdata-sections -MMD -MP -MF"src/helloworld.d" -MT"src/helloworld.o" -o "src/helloworld.o" "../src/helloworld.c"
Finished building: ../src/helloworld.c
 
Building target: recvuartmp.elf
Invoking: MicroBlaze gcc linker
mb-gcc -Wl,-T -Wl,../src/lscript.ld -L../../recvuartmp_bsp/microblaze_0/lib -mlittle-endian -mcpu=v11.0 -mxl-soft-mul -Wl,--no-relax -Wl,--gc-sections -o "recvuartmp.elf" ./src/helloworld.o ./src/platform.o   -Wl,--start-group,-lxil,-lgcc,-lc,--end-group
Finished building target: recvuartmp.elf
 
Invoking: MicroBlaze Print Size
mb-size recvuartmp.elf  |tee "recvuartmp.elf.size"
   text	   data	    bss	    dec	    hex	filename
  13120	    712	   6448	  20280	   4f38	recvuartmp.elf
Finished building: recvuartmp.elf.size
 
14:19:47 **** Incremental Build of configuration Debug for project recvuartmp ****
make all 
make: Nothing to be done for 'all'.
14:20:10 **** Incremental Build of configuration Debug for project recvuartmp ****
make all 
make: Nothing to be done for 'all'.
14:20:36 **** Incremental Build of configuration Debug for project recvuartmp ****
make all 
make: Nothing to be done for 'all'.
14:21:45 **** Auto Build of configuration Debug for project recvuartmp ****
make all 
Building file: ../src/helloworld.c
Invoking: MicroBlaze gcc compiler
mb-gcc -Wall -O0 -g3 -c -fmessage-length=0 -MT"src/helloworld.o" -I../../recvuartmp_bsp/microblaze_0/include -mlittle-endian -mcpu=v11.0 -mxl-soft-mul -Wl,--no-relax -ffunction-sections -fdata-sections -MMD -MP -MF"src/helloworld.d" -MT"src/helloworld.o" -o "src/helloworld.o" "../src/helloworld.c"
../src/helloworld.c: In function 'RecvHandler':
../src/helloworld.c:99:32: error: expected ';' before 'if'
  xil_printf("capture Data\r\n")
                                ^
                                ;
  if(EventData==1502){
  ~~                             
make: *** [src/subdir.mk:26: src/helloworld.o] Error 1
14:21:51 **** Auto Build of configuration Debug for project recvuartmp ****
make all 
Building file: ../src/helloworld.c
Invoking: MicroBlaze gcc compiler
mb-gcc -Wall -O0 -g3 -c -fmessage-length=0 -MT"src/helloworld.o" -I../../recvuartmp_bsp/microblaze_0/include -mlittle-endian -mcpu=v11.0 -mxl-soft-mul -Wl,--no-relax -ffunction-sections -fdata-sections -MMD -MP -MF"src/helloworld.d" -MT"src/helloworld.o" -o "src/helloworld.o" "../src/helloworld.c"
Finished building: ../src/helloworld.c
 
Building target: recvuartmp.elf
Invoking: MicroBlaze gcc linker
mb-gcc -Wl,-T -Wl,../src/lscript.ld -L../../recvuartmp_bsp/microblaze_0/lib -mlittle-endian -mcpu=v11.0 -mxl-soft-mul -Wl,--no-relax -Wl,--gc-sections -o "recvuartmp.elf" ./src/helloworld.o ./src/platform.o   -Wl,--start-group,-lxil,-lgcc,-lc,--end-group
Finished building target: recvuartmp.elf
 
Invoking: MicroBlaze Print Size
mb-size recvuartmp.elf  |tee "recvuartmp.elf.size"
   text	   data	    bss	    dec	    hex	filename
  13212	    712	   6452	  20376	   4f98	recvuartmp.elf
Finished building: recvuartmp.elf.size
 
14:21:57 **** Incremental Build of configuration Debug for project recvuartmp ****
make all 
make: Nothing to be done for 'all'.
14:22:31 **** Auto Build of configuration Debug for project recvuartmp ****
make all 
Building file: ../src/helloworld.c
Invoking: MicroBlaze gcc compiler
mb-gcc -Wall -O0 -g3 -c -fmessage-length=0 -MT"src/helloworld.o" -I../../recvuartmp_bsp/microblaze_0/include -mlittle-endian -mcpu=v11.0 -mxl-soft-mul -Wl,--no-relax -ffunction-sections -fdata-sections -MMD -MP -MF"src/helloworld.d" -MT"src/helloworld.o" -o "src/helloworld.o" "../src/helloworld.c"
Finished building: ../src/helloworld.c
 
Building target: recvuartmp.elf
Invoking: MicroBlaze gcc linker
mb-gcc -Wl,-T -Wl,../src/lscript.ld -L../../recvuartmp_bsp/microblaze_0/lib -mlittle-endian -mcpu=v11.0 -mxl-soft-mul -Wl,--no-relax -Wl,--gc-sections -o "recvuartmp.elf" ./src/helloworld.o ./src/platform.o   -Wl,--start-group,-lxil,-lgcc,-lc,--end-group
Finished building target: recvuartmp.elf
 
Invoking: MicroBlaze Print Size
mb-size recvuartmp.elf  |tee "recvuartmp.elf.size"
   text	   data	    bss	    dec	    hex	filename
  13176	    712	   6448	  20336	   4f70	recvuartmp.elf
Finished building: recvuartmp.elf.size
 
14:25:00 **** Auto Build of configuration Debug for project recvuartmp ****
make all 
Building file: ../src/helloworld.c
Invoking: MicroBlaze gcc compiler
mb-gcc -Wall -O0 -g3 -c -fmessage-length=0 -MT"src/helloworld.o" -I../../recvuartmp_bsp/microblaze_0/include -mlittle-endian -mcpu=v11.0 -mxl-soft-mul -Wl,--no-relax -ffunction-sections -fdata-sections -MMD -MP -MF"src/helloworld.d" -MT"src/helloworld.o" -o "src/helloworld.o" "../src/helloworld.c"
../src/helloworld.c: In function 'RecvHandler':
../src/helloworld.c:100:16: error: subscripted value is neither array nor pointer nor vector
   FrameCaptured[0]=0xFF&&
                ^
../src/helloworld.c:101:16: error: subscripted value is neither array nor pointer nor vector
   FrameCaptured[1]=0xFF&&
                ^
../src/helloworld.c:102:16: error: subscripted value is neither array nor pointer nor vector
   FrameCaptured[2]=0xFF&&
                ^
../src/helloworld.c:103:16: error: subscripted value is neither array nor pointer nor vector
   FrameCaptured[3]=0xFF&&
                ^
../src/helloworld.c:104:16: error: subscripted value is neither array nor pointer nor vector
   FrameCaptured[4]=0xFF&&
                ^
../src/helloworld.c:105:16: error: subscripted value is neither array nor pointer nor vector
   FrameCaptured[5]=0xFF
                ^
make: *** [src/subdir.mk:26: src/helloworld.o] Error 1
14:25:23 **** Auto Build of configuration Debug for project recvuartmp ****
make all 
Building file: ../src/helloworld.c
Invoking: MicroBlaze gcc compiler
mb-gcc -Wall -O0 -g3 -c -fmessage-length=0 -MT"src/helloworld.o" -I../../recvuartmp_bsp/microblaze_0/include -mlittle-endian -mcpu=v11.0 -mxl-soft-mul -Wl,--no-relax -ffunction-sections -fdata-sections -MMD -MP -MF"src/helloworld.d" -MT"src/helloworld.o" -o "src/helloworld.o" "../src/helloworld.c"
../src/helloworld.c: In function 'RecvHandler':
../src/helloworld.c:105:19: error: lvalue required as left operand of assignment
   ReceiveBuffer[5]=0xFF
                   ^
make: *** [src/subdir.mk:26: src/helloworld.o] Error 1
14:25:35 **** Auto Build of configuration Debug for project recvuartmp ****
make all 
Building file: ../src/helloworld.c
Invoking: MicroBlaze gcc compiler
mb-gcc -Wall -O0 -g3 -c -fmessage-length=0 -MT"src/helloworld.o" -I../../recvuartmp_bsp/microblaze_0/include -mlittle-endian -mcpu=v11.0 -mxl-soft-mul -Wl,--no-relax -ffunction-sections -fdata-sections -MMD -MP -MF"src/helloworld.d" -MT"src/helloworld.o" -o "src/helloworld.o" "../src/helloworld.c"
Finished building: ../src/helloworld.c
 
Building target: recvuartmp.elf
Invoking: MicroBlaze gcc linker
mb-gcc -Wl,-T -Wl,../src/lscript.ld -L../../recvuartmp_bsp/microblaze_0/lib -mlittle-endian -mcpu=v11.0 -mxl-soft-mul -Wl,--no-relax -Wl,--gc-sections -o "recvuartmp.elf" ./src/helloworld.o ./src/platform.o   -Wl,--start-group,-lxil,-lgcc,-lc,--end-group
Finished building target: recvuartmp.elf
 
Invoking: MicroBlaze Print Size
mb-size recvuartmp.elf  |tee "recvuartmp.elf.size"
   text	   data	    bss	    dec	    hex	filename
  13272	    712	   6448	  20432	   4fd0	recvuartmp.elf
Finished building: recvuartmp.elf.size
 
14:25:46 **** Incremental Build of configuration Debug for project recvuartmp ****
make all 
make: Nothing to be done for 'all'.
14:26:13 **** Incremental Build of configuration Debug for project recvuartmp ****
make all 
make: Nothing to be done for 'all'.
14:28:32 **** Auto Build of configuration Debug for project recvuartmp ****
make all 
Building file: ../src/helloworld.c
Invoking: MicroBlaze gcc compiler
mb-gcc -Wall -O0 -g3 -c -fmessage-length=0 -MT"src/helloworld.o" -I../../recvuartmp_bsp/microblaze_0/include -mlittle-endian -mcpu=v11.0 -mxl-soft-mul -Wl,--no-relax -ffunction-sections -fdata-sections -MMD -MP -MF"src/helloworld.d" -MT"src/helloworld.o" -o "src/helloworld.o" "../src/helloworld.c"
Finished building: ../src/helloworld.c
 
Building target: recvuartmp.elf
Invoking: MicroBlaze gcc linker
mb-gcc -Wl,-T -Wl,../src/lscript.ld -L../../recvuartmp_bsp/microblaze_0/lib -mlittle-endian -mcpu=v11.0 -mxl-soft-mul -Wl,--no-relax -Wl,--gc-sections -o "recvuartmp.elf" ./src/helloworld.o ./src/platform.o   -Wl,--start-group,-lxil,-lgcc,-lc,--end-group
Finished building target: recvuartmp.elf
 
Invoking: MicroBlaze Print Size
mb-size recvuartmp.elf  |tee "recvuartmp.elf.size"
   text	   data	    bss	    dec	    hex	filename
  13312	    712	   6448	  20472	   4ff8	recvuartmp.elf
Finished building: recvuartmp.elf.size
 
14:28:35 **** Incremental Build of configuration Debug for project recvuartmp ****
make all 
make: Nothing to be done for 'all'.
14:28:52 **** Incremental Build of configuration Debug for project recvuartmp ****
make all 
make: Nothing to be done for 'all'.
00:23:13 **** Auto Build of configuration Debug for project echo_server ****
make all 
make: Nothing to be done for 'all'.
00:23:16 **** Build of project recvuartmp_bsp ****
make -k all 
ecemptcamip_selftest.c: In function 'ECEMPTCAMIP_Reg_SelfTest':
Running Make include in microblaze_0/libsrc/bram_v4_3/src
ecemptcamip_selftest.c:52:60: warning: comparison of integer expressions of different signedness: 'u32' {aka 'long unsigned int'} and 'int' [-Wsign-compare]
make -C microblaze_0/libsrc/bram_v4_3/src -s include  "SHELL=/bin/sh" "COMPILER=mb-gcc" "ARCHIVER=mb-ar" "COMPILER_FLAGS=  -O2 -c -mcpu=v11.0 -mlittle-endian -mxl-soft-mul" "EXTRA_COMPILER_FLAGS=-ffunction-sections -fdata-sections -Wall -Wextra"
    if ( ECEMPTCAMIP_mReadReg (baseaddr, read_loop_index*4) != (read_loop_index+1)*READ_WRITE_MUL_FACTOR){
Running Make include in microblaze_0/libsrc/cpu_v2_9/src
                                                            ^~
make -C microblaze_0/libsrc/cpu_v2_9/src -s include  "SHELL=/bin/sh" "COMPILER=mb-gcc" "ARCHIVER=mb-ar" "COMPILER_FLAGS=  -O2 -c -mcpu=v11.0 -mlittle-endian -mxl-soft-mul" "EXTRA_COMPILER_FLAGS=-ffunction-sections -fdata-sections -Wall -Wextra"
ecemptcamip_selftest.c:36:6: warning: unused variable 'Index' [-Wunused-variable]
Running Make include in microblaze_0/libsrc/ecemptcamip_v1_0/src
  int Index;
make -C microblaze_0/libsrc/ecemptcamip_v1_0/src -s include  "SHELL=/bin/sh" "COMPILER=mb-gcc" "ARCHIVER=mb-ar" "COMPILER_FLAGS=  -O2 -c -mcpu=v11.0 -mlittle-endian -mxl-soft-mul" "EXTRA_COMPILER_FLAGS=-ffunction-sections -fdata-sections -Wall -Wextra"
      ^~~~~
Running Make include in microblaze_0/libsrc/emaclite_v4_4/src
make -C microblaze_0/libsrc/emaclite_v4_4/src -s include  "SHELL=/bin/sh" "COMPILER=mb-gcc" "ARCHIVER=mb-ar" "COMPILER_FLAGS=  -O2 -c -mcpu=v11.0 -mlittle-endian -mxl-soft-mul" "EXTRA_COMPILER_FLAGS=-ffunction-sections -fdata-sections -Wall -Wextra"
Running Make include in microblaze_0/libsrc/intc_v3_9/src
make -C microblaze_0/libsrc/intc_v3_9/src -s include  "SHELL=/bin/sh" "COMPILER=mb-gcc" "ARCHIVER=mb-ar" "COMPILER_FLAGS=  -O2 -c -mcpu=v11.0 -mlittle-endian -mxl-soft-mul" "EXTRA_COMPILER_FLAGS=-ffunction-sections -fdata-sections -Wall -Wextra"
Running Make include in microblaze_0/libsrc/standalone_v7_0/src
make -C microblaze_0/libsrc/standalone_v7_0/src -s include  "SHELL=/bin/sh" "COMPILER=mb-gcc" "ARCHIVER=mb-ar" "COMPILER_FLAGS=  -O2 -c -mcpu=v11.0 -mlittle-endian -mxl-soft-mul" "EXTRA_COMPILER_FLAGS=-ffunction-sections -fdata-sections -Wall -Wextra"
Running Make include in microblaze_0/libsrc/tmrctr_v4_5/src
make -C microblaze_0/libsrc/tmrctr_v4_5/src -s include  "SHELL=/bin/sh" "COMPILER=mb-gcc" "ARCHIVER=mb-ar" "COMPILER_FLAGS=  -O2 -c -mcpu=v11.0 -mlittle-endian -mxl-soft-mul" "EXTRA_COMPILER_FLAGS=-ffunction-sections -fdata-sections -Wall -Wextra"
Running Make include in microblaze_0/libsrc/uartlite_v3_2/src
make -C microblaze_0/libsrc/uartlite_v3_2/src -s include  "SHELL=/bin/sh" "COMPILER=mb-gcc" "ARCHIVER=mb-ar" "COMPILER_FLAGS=  -O2 -c -mcpu=v11.0 -mlittle-endian -mxl-soft-mul" "EXTRA_COMPILER_FLAGS=-ffunction-sections -fdata-sections -Wall -Wextra"
Running Make libs in microblaze_0/libsrc/bram_v4_3/src
make -C microblaze_0/libsrc/bram_v4_3/src -s libs  "SHELL=/bin/sh" "COMPILER=mb-gcc" "ARCHIVER=mb-ar" "COMPILER_FLAGS=  -O2 -c -mcpu=v11.0 -mlittle-endian -mxl-soft-mul" "EXTRA_COMPILER_FLAGS=-ffunction-sections -fdata-sections -Wall -Wextra"
Compiling bram
Running Make libs in microblaze_0/libsrc/cpu_v2_9/src
make -C microblaze_0/libsrc/cpu_v2_9/src -s libs  "SHELL=/bin/sh" "COMPILER=mb-gcc" "ARCHIVER=mb-ar" "COMPILER_FLAGS=  -O2 -c -mcpu=v11.0 -mlittle-endian -mxl-soft-mul" "EXTRA_COMPILER_FLAGS=-ffunction-sections -fdata-sections -Wall -Wextra"
Compiling cpu
Running Make libs in microblaze_0/libsrc/ecemptcamip_v1_0/src
make -C microblaze_0/libsrc/ecemptcamip_v1_0/src -s libs  "SHELL=/bin/sh" "COMPILER=mb-gcc" "ARCHIVER=mb-ar" "COMPILER_FLAGS=  -O2 -c -mcpu=v11.0 -mlittle-endian -mxl-soft-mul" "EXTRA_COMPILER_FLAGS=-ffunction-sections -fdata-sections -Wall -Wextra"
Compiling ecemptcamip...
Running Make libs in microblaze_0/libsrc/emaclite_v4_4/src
make -C microblaze_0/libsrc/emaclite_v4_4/src -s libs  "SHELL=/bin/sh" "COMPILER=mb-gcc" "ARCHIVER=mb-ar" "COMPILER_FLAGS=  -O2 -c -mcpu=v11.0 -mlittle-endian -mxl-soft-mul" "EXTRA_COMPILER_FLAGS=-ffunction-sections -fdata-sections -Wall -Wextra"
Compiling emaclite
Running Make libs in microblaze_0/libsrc/intc_v3_9/src
make -C microblaze_0/libsrc/intc_v3_9/src -s libs  "SHELL=/bin/sh" "COMPILER=mb-gcc" "ARCHIVER=mb-ar" "COMPILER_FLAGS=  -O2 -c -mcpu=v11.0 -mlittle-endian -mxl-soft-mul" "EXTRA_COMPILER_FLAGS=-ffunction-sections -fdata-sections -Wall -Wextra"
Compiling intc
Running Make libs in microblaze_0/libsrc/standalone_v7_0/src
make -C microblaze_0/libsrc/standalone_v7_0/src -s libs  "SHELL=/bin/sh" "COMPILER=mb-gcc" "ARCHIVER=mb-ar" "COMPILER_FLAGS=  -O2 -c -mcpu=v11.0 -mlittle-endian -mxl-soft-mul" "EXTRA_COMPILER_FLAGS=-ffunction-sections -fdata-sections -Wall -Wextra"
Compiling standalone
microblaze_sleep.c:77:9: note: #pragma message: For the sleep routines, assembly instructions are used
 #pragma message ("For the sleep routines, assembly instructions are used")
         ^~~~~~~
Running Make libs in microblaze_0/libsrc/tmrctr_v4_5/src
make -C microblaze_0/libsrc/tmrctr_v4_5/src -s libs  "SHELL=/bin/sh" "COMPILER=mb-gcc" "ARCHIVER=mb-ar" "COMPILER_FLAGS=  -O2 -c -mcpu=v11.0 -mlittle-endian -mxl-soft-mul" "EXTRA_COMPILER_FLAGS=-ffunction-sections -fdata-sections -Wall -Wextra"
Compiling tmrctr
Running Make libs in microblaze_0/libsrc/uartlite_v3_2/src
make -C microblaze_0/libsrc/uartlite_v3_2/src -s libs  "SHELL=/bin/sh" "COMPILER=mb-gcc" "ARCHIVER=mb-ar" "COMPILER_FLAGS=  -O2 -c -mcpu=v11.0 -mlittle-endian -mxl-soft-mul" "EXTRA_COMPILER_FLAGS=-ffunction-sections -fdata-sections -Wall -Wextra"
Compiling uartlite
Finished building libraries
00:23:18 **** Build of configuration Debug for project recvuartmp ****
make all 
Building file: ../src/helloworld.c
Invoking: MicroBlaze gcc compiler
mb-gcc -Wall -O0 -g3 -c -fmessage-length=0 -MT"src/helloworld.o" -I../../recvuartmp_bsp/microblaze_0/include -mlittle-endian -mcpu=v11.0 -mxl-soft-mul -Wl,--no-relax -ffunction-sections -fdata-sections -MMD -MP -MF"src/helloworld.d" -MT"src/helloworld.o" -o "src/helloworld.o" "../src/helloworld.c"
Finished building: ../src/helloworld.c
 
Building file: ../src/platform.c
Invoking: MicroBlaze gcc compiler
mb-gcc -Wall -O0 -g3 -c -fmessage-length=0 -MT"src/platform.o" -I../../recvuartmp_bsp/microblaze_0/include -mlittle-endian -mcpu=v11.0 -mxl-soft-mul -Wl,--no-relax -ffunction-sections -fdata-sections -MMD -MP -MF"src/platform.d" -MT"src/platform.o" -o "src/platform.o" "../src/platform.c"
Finished building: ../src/platform.c
 
Building target: recvuartmp.elf
Invoking: MicroBlaze gcc linker
mb-gcc -Wl,-T -Wl,../src/lscript.ld -L../../recvuartmp_bsp/microblaze_0/lib -mlittle-endian -mcpu=v11.0 -mxl-soft-mul -Wl,--no-relax -Wl,--gc-sections -o "recvuartmp.elf" ./src/helloworld.o ./src/platform.o   -Wl,--start-group,-lxil,-lgcc,-lc,--end-group
Finished building target: recvuartmp.elf
 
Invoking: MicroBlaze Print Size
mb-size recvuartmp.elf  |tee "recvuartmp.elf.size"
   text	   data	    bss	    dec	    hex	filename
  13312	    712	   6448	  20472	   4ff8	recvuartmp.elf
Finished building: recvuartmp.elf.size
 
00:23:19 **** Auto Build of configuration Debug for project test ****
make all 
make: Nothing to be done for 'all'.
00:51:20 **** Incremental Build of configuration Debug for project test ****
make all 
make: Nothing to be done for 'all'.
00:51:58 **** Incremental Build of configuration Debug for project recvuartmp ****
make all 
make: Nothing to be done for 'all'.
00:54:21 **** Auto Build of configuration Debug for project recvuartmp ****
make all 
Building file: ../src/helloworld.c
Invoking: MicroBlaze gcc compiler
mb-gcc -Wall -O0 -g3 -c -fmessage-length=0 -MT"src/helloworld.o" -I../../recvuartmp_bsp/microblaze_0/include -mlittle-endian -mcpu=v11.0 -mxl-soft-mul -Wl,--no-relax -ffunction-sections -fdata-sections -MMD -MP -MF"src/helloworld.d" -MT"src/helloworld.o" -o "src/helloworld.o" "../src/helloworld.c"
Finished building: ../src/helloworld.c
 
Building target: recvuartmp.elf
Invoking: MicroBlaze gcc linker
mb-gcc -Wl,-T -Wl,../src/lscript.ld -L../../recvuartmp_bsp/microblaze_0/lib -mlittle-endian -mcpu=v11.0 -mxl-soft-mul -Wl,--no-relax -Wl,--gc-sections -o "recvuartmp.elf" ./src/helloworld.o ./src/platform.o   -Wl,--start-group,-lxil,-lgcc,-lc,--end-group
Finished building target: recvuartmp.elf
 
Invoking: MicroBlaze Print Size
mb-size recvuartmp.elf  |tee "recvuartmp.elf.size"
   text	   data	    bss	    dec	    hex	filename
  13288	    712	   6448	  20448	   4fe0	recvuartmp.elf
Finished building: recvuartmp.elf.size
 
00:54:33 **** Incremental Build of configuration Debug for project recvuartmp ****
make all 
make: Nothing to be done for 'all'.
00:55:28 **** Incremental Build of configuration Debug for project recvuartmp ****
make all 
make: Nothing to be done for 'all'.
00:56:43 **** Auto Build of configuration Debug for project recvuartmp ****
make all 
Building file: ../src/helloworld.c
Invoking: MicroBlaze gcc compiler
mb-gcc -Wall -O0 -g3 -c -fmessage-length=0 -MT"src/helloworld.o" -I../../recvuartmp_bsp/microblaze_0/include -mlittle-endian -mcpu=v11.0 -mxl-soft-mul -Wl,--no-relax -ffunction-sections -fdata-sections -MMD -MP -MF"src/helloworld.d" -MT"src/helloworld.o" -o "src/helloworld.o" "../src/helloworld.c"
Finished building: ../src/helloworld.c
 
Building target: recvuartmp.elf
Invoking: MicroBlaze gcc linker
mb-gcc -Wl,-T -Wl,../src/lscript.ld -L../../recvuartmp_bsp/microblaze_0/lib -mlittle-endian -mcpu=v11.0 -mxl-soft-mul -Wl,--no-relax -Wl,--gc-sections -o "recvuartmp.elf" ./src/helloworld.o ./src/platform.o   -Wl,--start-group,-lxil,-lgcc,-lc,--end-group
Finished building target: recvuartmp.elf
 
Invoking: MicroBlaze Print Size
mb-size recvuartmp.elf  |tee "recvuartmp.elf.size"
   text	   data	    bss	    dec	    hex	filename
  13268	    712	   6452	  20432	   4fd0	recvuartmp.elf
Finished building: recvuartmp.elf.size
 
00:56:46 **** Incremental Build of configuration Debug for project recvuartmp ****
make all 
make: Nothing to be done for 'all'.
